******************************************************************************
                  TI ARM Linker PC v18.1.1                     
******************************************************************************
>> Linked Mon May 21 21:06:39 2018

OUTPUT FILE NAME:   <ble5_simple_central_cc2640r2lp_app.out>
ENTRY POINT SYMBOL: "ResetISR"  address: 000126b5


MEMORY CONFIGURATION

         name            origin    length      used     unused   attr    fill
----------------------  --------  ---------  --------  --------  ----  --------
  FLASH                 00000000   0001f000  00018ca0  00006360  R  X
  FLASH_LAST_PAGE       0001f000   00001000  00000058  00000fa8  R  X
  SRAM                  20000000   00004400  00002405  00001ffb  RW X


SEGMENT ALLOCATION MAP

run origin  load origin   length   init length attrs members
----------  ----------- ---------- ----------- ----- -------
00000000    00000000    00017ca4   00017ca4    r-x
  00000000    00000000    0000003c   0000003c    r-- .resetVecs
  0000003c    0000003c    00000fc4   00000fc4    r-x .text.1
  00001000    00001000    00000028   00000028    r-- .const:ti_sysbios_heaps_HeapMem_Module__FXNS__C
  00001028    00001028    00000024   00000024    r-- .const:ti_sysbios_gates_GateHwi_Module__FXNS__C
  0000104c    0000104c    00000024   00000024    r-- .const:ti_sysbios_gates_GateMutex_Module__FXNS__C
  00001070    00001070    00000020   00000020    r-- .const:ti_sysbios_family_arm_m3_Hwi_Object__DESC__C
  00001090    00001090    00000020   00000020    r-- .const:ti_sysbios_gates_GateHwi_Object__DESC__C
  000010b0    000010b0    00000020   00000020    r-- .const:ti_sysbios_gates_GateMutex_Object__DESC__C
  000010d0    000010d0    00000020   00000020    r-- .const:ti_sysbios_hal_Hwi_Object__DESC__C
  000010f0    000010f0    00000020   00000020    r-- .const:ti_sysbios_heaps_HeapMem_Object__DESC__C
  00001110    00001110    00000020   00000020    r-- .const:ti_sysbios_knl_Clock_Object__DESC__C
  00001130    00001130    00000020   00000020    r-- .const:ti_sysbios_knl_Event_Object__DESC__C
  00001150    00001150    00000020   00000020    r-- .const:ti_sysbios_knl_Mailbox_Object__DESC__C
  00001170    00001170    00000020   00000020    r-- .const:ti_sysbios_knl_Queue_Object__DESC__C
  00001190    00001190    00000020   00000020    r-- .const:ti_sysbios_knl_Semaphore_Object__DESC__C
  000011b0    000011b0    00000020   00000020    r-- .const:ti_sysbios_knl_Swi_Object__DESC__C
  000011d0    000011d0    00000020   00000020    r-- .const:ti_sysbios_knl_Task_Object__DESC__C
  000011f0    000011f0    00000008   00000008    r-- .const:ti_sysbios_knl_Idle_funcList__C
  000011f8    000011f8    00000004   00000004    r-- .const:ti_sysbios_family_arm_cc26xx_Timer_startupNeeded__C
  000011fc    000011fc    00000004   00000004    r-- .const:ti_sysbios_family_arm_m3_Hwi_E_alreadyDefined__C
  00001200    00001200    00000004   00000004    r-- .const:ti_sysbios_family_arm_m3_Hwi_E_hwiLimitExceeded__C
  00001204    00001204    00000004   00000004    r-- .const:ti_sysbios_family_arm_m3_Hwi_NUM_INTERRUPTS__C
  00001208    00001208    00000004   00000004    r-- .const:ti_sysbios_family_arm_m3_Hwi_Object__count__C
  0000120c    0000120c    00000004   00000004    r-- .const:ti_sysbios_family_arm_m3_Hwi_Object__table__C
  00001210    00001210    00000004   00000004    r-- .const:ti_sysbios_family_arm_m3_Hwi_ccr__C
  00001214    00001214    00000004   00000004    r-- .const:ti_sysbios_family_arm_m3_Hwi_excHandlerFunc__C
  00001218    00001218    00000004   00000004    r-- .const:ti_sysbios_family_arm_m3_Hwi_nullIsrFunc__C
  0000121c    0000121c    00000004   00000004    r-- .const:ti_sysbios_family_arm_m3_Hwi_numSparseInterrupts__C
  00001220    00001220    00000004   00000004    r-- .const:ti_sysbios_family_arm_m3_Hwi_priGroup__C
  00001224    00001224    00000004   00000004    r-- .const:ti_sysbios_family_arm_m3_TaskSupport_stackAlignment__C
  00001228    00001228    00000004   00000004    r-- .const:ti_sysbios_heaps_HeapMem_E_memory__C
  0000122c    0000122c    00000004   00000004    r-- .const:ti_sysbios_heaps_HeapMem_Module__gateObj__C
  00001230    00001230    00000004   00000004    r-- .const:ti_sysbios_heaps_HeapMem_Object__count__C
  00001234    00001234    00000004   00000004    r-- .const:ti_sysbios_heaps_HeapMem_Object__table__C
  00001238    00001238    00000004   00000004    r-- .const:ti_sysbios_heaps_HeapMem_reqAlign__C
  0000123c    0000123c    00000004   00000004    r-- .const:ti_sysbios_knl_Clock_triggerClock__C
  00001240    00001240    00000004   00000004    r-- .const:ti_sysbios_knl_Mailbox_Object__count__C
  00001244    00001244    00000004   00000004    r-- .const:ti_sysbios_knl_Mailbox_Object__table__C
  00001248    00001248    00000004   00000004    r-- .const:ti_sysbios_knl_Mailbox_maxTypeAlign__C
  0000124c    0000124c    00000004   00000004    r-- .const:ti_sysbios_knl_Queue_Object__count__C
  00001250    00001250    00000004   00000004    r-- .const:ti_sysbios_knl_Queue_Object__table__C
  00001254    00001254    00000004   00000004    r-- .const:ti_sysbios_knl_Semaphore_eventPost__C
  00001258    00001258    00000004   00000004    r-- .const:ti_sysbios_knl_Semaphore_eventSync__C
  0000125c    0000125c    00000004   00000004    r-- .const:ti_sysbios_knl_Swi_Object__count__C
  00001260    00001260    00000004   00000004    r-- .const:ti_sysbios_knl_Swi_Object__table__C
  00001264    00001264    00000004   00000004    r-- .const:ti_sysbios_knl_Swi_numPriorities__C
  00001268    00001268    00000004   00000004    r-- .const:ti_sysbios_knl_Task_Object__count__C
  0000126c    0000126c    00000004   00000004    r-- .const:ti_sysbios_knl_Task_Object__table__C
  00001270    00001270    00000004   00000004    r-- .const:ti_sysbios_knl_Task_allBlockedFunc__C
  00001274    00001274    00000004   00000004    r-- .const:ti_sysbios_knl_Task_defaultStackHeap__C
  00001278    00001278    00000004   00000004    r-- .const:ti_sysbios_knl_Task_defaultStackSize__C
  0000127c    0000127c    00000004   00000004    r-- .const:ti_sysbios_knl_Task_numConstructedTasks__C
  00001280    00001280    00000002   00000002    r-- .const:ti_sysbios_family_arm_cc26xx_Timer_Module__id__C
  00001282    00001282    00000002   00000002    r-- .const:ti_sysbios_family_arm_cc26xx_TimestampProvider_useClockTimer__C
  00001284    00001284    00000002   00000002    r-- .const:ti_sysbios_family_arm_m3_Hwi_Module__id__C
  00001286    00001286    00000002   00000002    r-- .const:ti_sysbios_gates_GateHwi_Module__id__C
  00001288    00001288    00000002   00000002    r-- .const:ti_sysbios_gates_GateMutex_Module__id__C
  0000128a    0000128a    00000002   00000002    r-- .const:ti_sysbios_heaps_HeapMem_Module__id__C
  0000128c    0000128c    00000002   00000002    r-- .const:ti_sysbios_knl_Task_initStackFlag__C
  0000128e    0000128e    00000001   00000001    r-- .const:ti_sysbios_knl_Clock_tickMode__C
  00001290    00001290    00000008   00000008    r-- .const:xdc_runtime_Startup_firstFxns__C
  00001298    00001298    00000008   00000008    r-- .const:xdc_runtime_Startup_lastFxns__C
  000012a0    000012a0    00000004   00000004    r-- .const:xdc_runtime_Assert_E_assertFailed__C
  000012a4    000012a4    00000004   00000004    r-- .const:xdc_runtime_Error_E_memory__C
  000012a8    000012a8    00000004   00000004    r-- .const:xdc_runtime_Error_policyFxn__C
  000012ac    000012ac    00000004   00000004    r-- .const:xdc_runtime_Error_raiseHook__C
  000012b0    000012b0    00000004   00000004    r-- .const:xdc_runtime_IGateProvider_Interface__BASE__C
  000012b4    000012b4    00000004   00000004    r-- .const:xdc_runtime_IHeap_Interface__BASE__C
  000012b8    000012b8    00000004   00000004    r-- .const:xdc_runtime_IModule_Interface__BASE__C
  000012bc    000012bc    00000004   00000004    r-- .const:xdc_runtime_Memory_defaultHeapInstance__C
  000012c0    000012c0    00000004   00000004    r-- .const:xdc_runtime_Startup_execImpl__C
  000012c4    000012c4    00000004   00000004    r-- .const:xdc_runtime_Startup_maxPasses__C
  000012c8    000012c8    00000004   00000004    r-- .const:xdc_runtime_Startup_sfxnRts__C
  000012cc    000012cc    00000004   00000004    r-- .const:xdc_runtime_Startup_sfxnTab__C
  000012d0    000012d0    00000004   00000004    r-- .const:xdc_runtime_Startup_startModsFxn__C
  000012d4    000012d4    00000004   00000004    r-- .const:xdc_runtime_SysCallback_abortFxn__C
  000012d8    000012d8    00000004   00000004    r-- .const:xdc_runtime_SysCallback_exitFxn__C
  000012dc    000012dc    00000004   00000004    r-- .const:xdc_runtime_System_abortFxn__C
  000012e0    000012e0    00000004   00000004    r-- .const:xdc_runtime_System_exitFxn__C
  000012e4    000012e4    00000004   00000004    r-- .const:xdc_runtime_System_maxAtexitHandlers__C
  000012e8    000012e8    00000004   00000004    r-- .const:xdc_runtime_Text_charTab__C
  000012ec    000012ec    00000004   00000004    r-- .const:xdc_runtime_Text_nameEmpty__C
  000012f0    000012f0    00000004   00000004    r-- .const:xdc_runtime_Text_nameStatic__C
  000012f4    000012f4    00000004   00000004    r-- .const:xdc_runtime_Text_nameUnknown__C
  000012f8    000012f8    00000002   00000002    r-- .const:xdc_runtime_Error_maxDepth__C
  000012fa    000012fa    00000002   00000002    r-- .const:xdc_runtime_Memory_Module__id__C
  000012fc    000012fc    00000002   00000002    r-- .const:xdc_runtime_Text_charCnt__C
  000012fe    000012fe    00000002   00000002    r-- .const:xdc_runtime_Text_isLoaded__C
  00001300    00001300    00000001   00000001    r-- .const:xdc_runtime_Error_policy__C
  00001304    00001304    00000004   00000004    r-- .const:ti_sysbios_rom_ROM_ti_sysbios_family_arm_cc26xx_Timer_getCount64__E
  00001308    00001308    00000004   00000004    r-- .const:ti_sysbios_rom_ROM_ti_sysbios_family_arm_cc26xx_Timer_getCurrentTick__E
  0000130c    0000130c    00000004   00000004    r-- .const:ti_sysbios_rom_ROM_ti_sysbios_family_arm_cc26xx_Timer_getMaxTicks__E
  00001310    00001310    00000004   00000004    r-- .const:ti_sysbios_rom_ROM_ti_sysbios_family_arm_cc26xx_Timer_initDevice__I
  00001314    00001314    00000004   00000004    r-- .const:ti_sysbios_rom_ROM_ti_sysbios_family_arm_cc26xx_Timer_setNextTick__E
  00001318    00001318    00000004   00000004    r-- .const:ti_sysbios_rom_ROM_ti_sysbios_family_arm_cc26xx_Timer_setThreshold__I
  0000131c    0000131c    00000004   00000004    r-- .const:ti_sysbios_rom_ROM_ti_sysbios_family_arm_cc26xx_Timer_start__E
  00001320    00001320    00000004   00000004    r-- .const:ti_sysbios_rom_ROM_ti_sysbios_family_arm_cc26xx_TimestampProvider_get32__E
  00001324    00001324    00000004   00000004    r-- .const:ti_sysbios_rom_ROM_xdc_runtime_Startup_getState__I
  00001328    00001328    00000004   00000004    r-- .const:ti_sysbios_rom_ROM_xdc_runtime_System_SupportProxy_abort__E
  0000132c    0000132c    00000004   00000004    r-- .const:ti_sysbios_rom_ROM_xdc_runtime_System_SupportProxy_exit__E
  00001330    00001330    000154b0   000154b0    r-x .text.2
  000167e0    000167e0    00001070   00001070    r-- .const
  00017850    00017850    000000b0   000000b0    r-- .rodata
  00017900    00017900    000003a4   000003a4    r-- .cinit
0001e000    0001e000    00001000   00001000    r--
  0001e000    0001e000    00001000   00001000    r-- .TI.bound:NV_FLASH
0001ffa8    0001ffa8    00000058   00000058    r--
  0001ffa8    0001ffa8    00000058   00000058    r-- .ccfg
20000100    20000100    00001f3f   00000000    rw-
  20000100    20000100    00000044   00000000    rw- .data:ti_sysbios_knl_Task_Module__state__V
  20000144    20000144    00000034   00000000    rw- .data:ti_sysbios_family_arm_m3_Hwi_Module__state__V
  20000178    20000178    0000002c   00000000    rw- .data:ti_sysbios_knl_Clock_Module__state__V
  200001a4    200001a4    00000024   00000000    rw- .data:ti_sysbios_BIOS_Module__state__V
  200001c8    200001c8    0000001c   00000000    rw- .data:ti_sysbios_knl_Swi_Module__state__V
  200001e4    200001e4    00000008   00000000    rw- .data:ti_sysbios_family_arm_cc26xx_Timer_Module__state__V
  200001ec    200001ec    00000004   00000000    rw- .data:ti_sysbios_family_arm_cc26xx_TimestampProvider_Module__state__V
  200001f0    200001f0    00000008   00000000    rw- .data:xdc_runtime_Startup_Module__state__V
  200001f8    200001f8    00000008   00000000    rw- .data:xdc_runtime_System_Module__state__V
  20000200    20000200    00000004   00000000    rw- .data:xdc_runtime_Memory_Module__state__V
  20000204    20000204    00000002   00000000    rw- .data:xdc_runtime_Error_Module__state__V
  20000208    20000208    00001140   00000000    rw- .data
  20001348    20001348    00000cf7   00000000    rw- .bss
20004000    20004000    00000400   00000000    rw-
  20004000    20004000    00000400   00000000    rw- .stack


SECTION ALLOCATION MAP

 output                                  attributes/
section   page    origin      length       input sections
--------  ----  ----------  ----------   ----------------
.const:ti_sysbios_heaps_HeapMem_Module__FXNS__C 
*          0    00001000    00000028     
                  00001000    00000028     app_ble_pem3.oem3 (.const:ti_sysbios_heaps_HeapMem_Module__FXNS__C)

.const:ti_sysbios_gates_GateHwi_Module__FXNS__C 
*          0    00001028    00000024     
                  00001028    00000024     app_ble_pem3.oem3 (.const:ti_sysbios_gates_GateHwi_Module__FXNS__C)

.const:ti_sysbios_gates_GateMutex_Module__FXNS__C 
*          0    0000104c    00000024     
                  0000104c    00000024     app_ble_pem3.oem3 (.const:ti_sysbios_gates_GateMutex_Module__FXNS__C)

.const:ti_sysbios_family_arm_m3_Hwi_Object__DESC__C 
*          0    00001070    00000020     
                  00001070    00000020     app_ble_pem3.oem3 (.const:ti_sysbios_family_arm_m3_Hwi_Object__DESC__C)

.const:ti_sysbios_gates_GateHwi_Object__DESC__C 
*          0    00001090    00000020     
                  00001090    00000020     app_ble_pem3.oem3 (.const:ti_sysbios_gates_GateHwi_Object__DESC__C)

.const:ti_sysbios_gates_GateMutex_Object__DESC__C 
*          0    000010b0    00000020     
                  000010b0    00000020     app_ble_pem3.oem3 (.const:ti_sysbios_gates_GateMutex_Object__DESC__C)

.const:ti_sysbios_hal_Hwi_Object__DESC__C 
*          0    000010d0    00000020     
                  000010d0    00000020     app_ble_pem3.oem3 (.const:ti_sysbios_hal_Hwi_Object__DESC__C)

.const:ti_sysbios_heaps_HeapMem_Object__DESC__C 
*          0    000010f0    00000020     
                  000010f0    00000020     app_ble_pem3.oem3 (.const:ti_sysbios_heaps_HeapMem_Object__DESC__C)

.const:ti_sysbios_knl_Clock_Object__DESC__C 
*          0    00001110    00000020     
                  00001110    00000020     app_ble_pem3.oem3 (.const:ti_sysbios_knl_Clock_Object__DESC__C)

.const:ti_sysbios_knl_Event_Object__DESC__C 
*          0    00001130    00000020     
                  00001130    00000020     app_ble_pem3.oem3 (.const:ti_sysbios_knl_Event_Object__DESC__C)

.const:ti_sysbios_knl_Mailbox_Object__DESC__C 
*          0    00001150    00000020     
                  00001150    00000020     app_ble_pem3.oem3 (.const:ti_sysbios_knl_Mailbox_Object__DESC__C)

.const:ti_sysbios_knl_Queue_Object__DESC__C 
*          0    00001170    00000020     
                  00001170    00000020     app_ble_pem3.oem3 (.const:ti_sysbios_knl_Queue_Object__DESC__C)

.const:ti_sysbios_knl_Semaphore_Object__DESC__C 
*          0    00001190    00000020     
                  00001190    00000020     app_ble_pem3.oem3 (.const:ti_sysbios_knl_Semaphore_Object__DESC__C)

.const:ti_sysbios_knl_Swi_Object__DESC__C 
*          0    000011b0    00000020     
                  000011b0    00000020     app_ble_pem3.oem3 (.const:ti_sysbios_knl_Swi_Object__DESC__C)

.const:ti_sysbios_knl_Task_Object__DESC__C 
*          0    000011d0    00000020     
                  000011d0    00000020     app_ble_pem3.oem3 (.const:ti_sysbios_knl_Task_Object__DESC__C)

.const:ti_sysbios_knl_Idle_funcList__C 
*          0    000011f0    00000008     
                  000011f0    00000008     app_ble_pem3.oem3 (.const:ti_sysbios_knl_Idle_funcList__C)

.const:ti_sysbios_family_arm_cc26xx_Timer_startupNeeded__C 
*          0    000011f8    00000004     
                  000011f8    00000004     app_ble_pem3.oem3 (.const:ti_sysbios_family_arm_cc26xx_Timer_startupNeeded__C)

.const:ti_sysbios_family_arm_m3_Hwi_E_alreadyDefined__C 
*          0    000011fc    00000004     
                  000011fc    00000004     app_ble_pem3.oem3 (.const:ti_sysbios_family_arm_m3_Hwi_E_alreadyDefined__C)

.const:ti_sysbios_family_arm_m3_Hwi_E_hwiLimitExceeded__C 
*          0    00001200    00000004     
                  00001200    00000004     app_ble_pem3.oem3 (.const:ti_sysbios_family_arm_m3_Hwi_E_hwiLimitExceeded__C)

.const:ti_sysbios_family_arm_m3_Hwi_NUM_INTERRUPTS__C 
*          0    00001204    00000004     
                  00001204    00000004     app_ble_pem3.oem3 (.const:ti_sysbios_family_arm_m3_Hwi_NUM_INTERRUPTS__C)

.const:ti_sysbios_family_arm_m3_Hwi_Object__count__C 
*          0    00001208    00000004     
                  00001208    00000004     app_ble_pem3.oem3 (.const:ti_sysbios_family_arm_m3_Hwi_Object__count__C)

.const:ti_sysbios_family_arm_m3_Hwi_Object__table__C 
*          0    0000120c    00000004     
                  0000120c    00000004     app_ble_pem3.oem3 (.const:ti_sysbios_family_arm_m3_Hwi_Object__table__C)

.const:ti_sysbios_family_arm_m3_Hwi_ccr__C 
*          0    00001210    00000004     
                  00001210    00000004     app_ble_pem3.oem3 (.const:ti_sysbios_family_arm_m3_Hwi_ccr__C)

.const:ti_sysbios_family_arm_m3_Hwi_excHandlerFunc__C 
*          0    00001214    00000004     
                  00001214    00000004     app_ble_pem3.oem3 (.const:ti_sysbios_family_arm_m3_Hwi_excHandlerFunc__C)

.const:ti_sysbios_family_arm_m3_Hwi_nullIsrFunc__C 
*          0    00001218    00000004     
                  00001218    00000004     app_ble_pem3.oem3 (.const:ti_sysbios_family_arm_m3_Hwi_nullIsrFunc__C)

.const:ti_sysbios_family_arm_m3_Hwi_numSparseInterrupts__C 
*          0    0000121c    00000004     
                  0000121c    00000004     app_ble_pem3.oem3 (.const:ti_sysbios_family_arm_m3_Hwi_numSparseInterrupts__C)

.const:ti_sysbios_family_arm_m3_Hwi_priGroup__C 
*          0    00001220    00000004     
                  00001220    00000004     app_ble_pem3.oem3 (.const:ti_sysbios_family_arm_m3_Hwi_priGroup__C)

.const:ti_sysbios_family_arm_m3_TaskSupport_stackAlignment__C 
*          0    00001224    00000004     
                  00001224    00000004     app_ble_pem3.oem3 (.const:ti_sysbios_family_arm_m3_TaskSupport_stackAlignment__C)

.const:ti_sysbios_heaps_HeapMem_E_memory__C 
*          0    00001228    00000004     
                  00001228    00000004     app_ble_pem3.oem3 (.const:ti_sysbios_heaps_HeapMem_E_memory__C)

.const:ti_sysbios_heaps_HeapMem_Module__gateObj__C 
*          0    0000122c    00000004     
                  0000122c    00000004     app_ble_pem3.oem3 (.const:ti_sysbios_heaps_HeapMem_Module__gateObj__C)

.const:ti_sysbios_heaps_HeapMem_Object__count__C 
*          0    00001230    00000004     
                  00001230    00000004     app_ble_pem3.oem3 (.const:ti_sysbios_heaps_HeapMem_Object__count__C)

.const:ti_sysbios_heaps_HeapMem_Object__table__C 
*          0    00001234    00000004     
                  00001234    00000004     app_ble_pem3.oem3 (.const:ti_sysbios_heaps_HeapMem_Object__table__C)

.const:ti_sysbios_heaps_HeapMem_reqAlign__C 
*          0    00001238    00000004     
                  00001238    00000004     app_ble_pem3.oem3 (.const:ti_sysbios_heaps_HeapMem_reqAlign__C)

.const:ti_sysbios_knl_Clock_triggerClock__C 
*          0    0000123c    00000004     
                  0000123c    00000004     app_ble_pem3.oem3 (.const:ti_sysbios_knl_Clock_triggerClock__C)

.const:ti_sysbios_knl_Mailbox_Object__count__C 
*          0    00001240    00000004     
                  00001240    00000004     app_ble_pem3.oem3 (.const:ti_sysbios_knl_Mailbox_Object__count__C)

.const:ti_sysbios_knl_Mailbox_Object__table__C 
*          0    00001244    00000004     
                  00001244    00000004     app_ble_pem3.oem3 (.const:ti_sysbios_knl_Mailbox_Object__table__C)

.const:ti_sysbios_knl_Mailbox_maxTypeAlign__C 
*          0    00001248    00000004     
                  00001248    00000004     app_ble_pem3.oem3 (.const:ti_sysbios_knl_Mailbox_maxTypeAlign__C)

.const:ti_sysbios_knl_Queue_Object__count__C 
*          0    0000124c    00000004     
                  0000124c    00000004     app_ble_pem3.oem3 (.const:ti_sysbios_knl_Queue_Object__count__C)

.const:ti_sysbios_knl_Queue_Object__table__C 
*          0    00001250    00000004     
                  00001250    00000004     app_ble_pem3.oem3 (.const:ti_sysbios_knl_Queue_Object__table__C)

.const:ti_sysbios_knl_Semaphore_eventPost__C 
*          0    00001254    00000004     
                  00001254    00000004     app_ble_pem3.oem3 (.const:ti_sysbios_knl_Semaphore_eventPost__C)

.const:ti_sysbios_knl_Semaphore_eventSync__C 
*          0    00001258    00000004     
                  00001258    00000004     app_ble_pem3.oem3 (.const:ti_sysbios_knl_Semaphore_eventSync__C)

.const:ti_sysbios_knl_Swi_Object__count__C 
*          0    0000125c    00000004     
                  0000125c    00000004     app_ble_pem3.oem3 (.const:ti_sysbios_knl_Swi_Object__count__C)

.const:ti_sysbios_knl_Swi_Object__table__C 
*          0    00001260    00000004     
                  00001260    00000004     app_ble_pem3.oem3 (.const:ti_sysbios_knl_Swi_Object__table__C)

.const:ti_sysbios_knl_Swi_numPriorities__C 
*          0    00001264    00000004     
                  00001264    00000004     app_ble_pem3.oem3 (.const:ti_sysbios_knl_Swi_numPriorities__C)

.const:ti_sysbios_knl_Task_Object__count__C 
*          0    00001268    00000004     
                  00001268    00000004     app_ble_pem3.oem3 (.const:ti_sysbios_knl_Task_Object__count__C)

.const:ti_sysbios_knl_Task_Object__table__C 
*          0    0000126c    00000004     
                  0000126c    00000004     app_ble_pem3.oem3 (.const:ti_sysbios_knl_Task_Object__table__C)

.const:ti_sysbios_knl_Task_allBlockedFunc__C 
*          0    00001270    00000004     
                  00001270    00000004     app_ble_pem3.oem3 (.const:ti_sysbios_knl_Task_allBlockedFunc__C)

.const:ti_sysbios_knl_Task_defaultStackHeap__C 
*          0    00001274    00000004     
                  00001274    00000004     app_ble_pem3.oem3 (.const:ti_sysbios_knl_Task_defaultStackHeap__C)

.const:ti_sysbios_knl_Task_defaultStackSize__C 
*          0    00001278    00000004     
                  00001278    00000004     app_ble_pem3.oem3 (.const:ti_sysbios_knl_Task_defaultStackSize__C)

.const:ti_sysbios_knl_Task_numConstructedTasks__C 
*          0    0000127c    00000004     
                  0000127c    00000004     app_ble_pem3.oem3 (.const:ti_sysbios_knl_Task_numConstructedTasks__C)

.const:ti_sysbios_family_arm_cc26xx_Timer_Module__id__C 
*          0    00001280    00000002     
                  00001280    00000002     app_ble_pem3.oem3 (.const:ti_sysbios_family_arm_cc26xx_Timer_Module__id__C)

.const:ti_sysbios_family_arm_cc26xx_TimestampProvider_useClockTimer__C 
*          0    00001282    00000002     
                  00001282    00000002     app_ble_pem3.oem3 (.const:ti_sysbios_family_arm_cc26xx_TimestampProvider_useClockTimer__C)

.const:ti_sysbios_family_arm_m3_Hwi_Module__id__C 
*          0    00001284    00000002     
                  00001284    00000002     app_ble_pem3.oem3 (.const:ti_sysbios_family_arm_m3_Hwi_Module__id__C)

.const:ti_sysbios_gates_GateHwi_Module__id__C 
*          0    00001286    00000002     
                  00001286    00000002     app_ble_pem3.oem3 (.const:ti_sysbios_gates_GateHwi_Module__id__C)

.const:ti_sysbios_gates_GateMutex_Module__id__C 
*          0    00001288    00000002     
                  00001288    00000002     app_ble_pem3.oem3 (.const:ti_sysbios_gates_GateMutex_Module__id__C)

.const:ti_sysbios_heaps_HeapMem_Module__id__C 
*          0    0000128a    00000002     
                  0000128a    00000002     app_ble_pem3.oem3 (.const:ti_sysbios_heaps_HeapMem_Module__id__C)

.const:ti_sysbios_knl_Task_initStackFlag__C 
*          0    0000128c    00000002     
                  0000128c    00000002     app_ble_pem3.oem3 (.const:ti_sysbios_knl_Task_initStackFlag__C)

.const:ti_sysbios_knl_Clock_tickMode__C 
*          0    0000128e    00000001     
                  0000128e    00000001     app_ble_pem3.oem3 (.const:ti_sysbios_knl_Clock_tickMode__C)

.const:xdc_runtime_Startup_firstFxns__C 
*          0    00001290    00000008     
                  00001290    00000008     app_ble_pem3.oem3 (.const:xdc_runtime_Startup_firstFxns__C)

.const:xdc_runtime_Startup_lastFxns__C 
*          0    00001298    00000008     
                  00001298    00000008     app_ble_pem3.oem3 (.const:xdc_runtime_Startup_lastFxns__C)

.const:xdc_runtime_Assert_E_assertFailed__C 
*          0    000012a0    00000004     
                  000012a0    00000004     app_ble_pem3.oem3 (.const:xdc_runtime_Assert_E_assertFailed__C)

.const:xdc_runtime_Error_E_memory__C 
*          0    000012a4    00000004     
                  000012a4    00000004     app_ble_pem3.oem3 (.const:xdc_runtime_Error_E_memory__C)

.const:xdc_runtime_Error_policyFxn__C 
*          0    000012a8    00000004     
                  000012a8    00000004     app_ble_pem3.oem3 (.const:xdc_runtime_Error_policyFxn__C)

.const:xdc_runtime_Error_raiseHook__C 
*          0    000012ac    00000004     
                  000012ac    00000004     app_ble_pem3.oem3 (.const:xdc_runtime_Error_raiseHook__C)

.const:xdc_runtime_IGateProvider_Interface__BASE__C 
*          0    000012b0    00000004     
                  000012b0    00000004     app_ble_pem3.oem3 (.const:xdc_runtime_IGateProvider_Interface__BASE__C)

.const:xdc_runtime_IHeap_Interface__BASE__C 
*          0    000012b4    00000004     
                  000012b4    00000004     app_ble_pem3.oem3 (.const:xdc_runtime_IHeap_Interface__BASE__C)

.const:xdc_runtime_IModule_Interface__BASE__C 
*          0    000012b8    00000004     
                  000012b8    00000004     app_ble_pem3.oem3 (.const:xdc_runtime_IModule_Interface__BASE__C)

.const:xdc_runtime_Memory_defaultHeapInstance__C 
*          0    000012bc    00000004     
                  000012bc    00000004     app_ble_pem3.oem3 (.const:xdc_runtime_Memory_defaultHeapInstance__C)

.const:xdc_runtime_Startup_execImpl__C 
*          0    000012c0    00000004     
                  000012c0    00000004     app_ble_pem3.oem3 (.const:xdc_runtime_Startup_execImpl__C)

.const:xdc_runtime_Startup_maxPasses__C 
*          0    000012c4    00000004     
                  000012c4    00000004     app_ble_pem3.oem3 (.const:xdc_runtime_Startup_maxPasses__C)

.const:xdc_runtime_Startup_sfxnRts__C 
*          0    000012c8    00000004     
                  000012c8    00000004     app_ble_pem3.oem3 (.const:xdc_runtime_Startup_sfxnRts__C)

.const:xdc_runtime_Startup_sfxnTab__C 
*          0    000012cc    00000004     
                  000012cc    00000004     app_ble_pem3.oem3 (.const:xdc_runtime_Startup_sfxnTab__C)

.const:xdc_runtime_Startup_startModsFxn__C 
*          0    000012d0    00000004     
                  000012d0    00000004     app_ble_pem3.oem3 (.const:xdc_runtime_Startup_startModsFxn__C)

.const:xdc_runtime_SysCallback_abortFxn__C 
*          0    000012d4    00000004     
                  000012d4    00000004     app_ble_pem3.oem3 (.const:xdc_runtime_SysCallback_abortFxn__C)

.const:xdc_runtime_SysCallback_exitFxn__C 
*          0    000012d8    00000004     
                  000012d8    00000004     app_ble_pem3.oem3 (.const:xdc_runtime_SysCallback_exitFxn__C)

.const:xdc_runtime_System_abortFxn__C 
*          0    000012dc    00000004     
                  000012dc    00000004     app_ble_pem3.oem3 (.const:xdc_runtime_System_abortFxn__C)

.const:xdc_runtime_System_exitFxn__C 
*          0    000012e0    00000004     
                  000012e0    00000004     app_ble_pem3.oem3 (.const:xdc_runtime_System_exitFxn__C)

.const:xdc_runtime_System_maxAtexitHandlers__C 
*          0    000012e4    00000004     
                  000012e4    00000004     app_ble_pem3.oem3 (.const:xdc_runtime_System_maxAtexitHandlers__C)

.const:xdc_runtime_Text_charTab__C 
*          0    000012e8    00000004     
                  000012e8    00000004     app_ble_pem3.oem3 (.const:xdc_runtime_Text_charTab__C)

.const:xdc_runtime_Text_nameEmpty__C 
*          0    000012ec    00000004     
                  000012ec    00000004     app_ble_pem3.oem3 (.const:xdc_runtime_Text_nameEmpty__C)

.const:xdc_runtime_Text_nameStatic__C 
*          0    000012f0    00000004     
                  000012f0    00000004     app_ble_pem3.oem3 (.const:xdc_runtime_Text_nameStatic__C)

.const:xdc_runtime_Text_nameUnknown__C 
*          0    000012f4    00000004     
                  000012f4    00000004     app_ble_pem3.oem3 (.const:xdc_runtime_Text_nameUnknown__C)

.const:xdc_runtime_Error_maxDepth__C 
*          0    000012f8    00000002     
                  000012f8    00000002     app_ble_pem3.oem3 (.const:xdc_runtime_Error_maxDepth__C)

.const:xdc_runtime_Memory_Module__id__C 
*          0    000012fa    00000002     
                  000012fa    00000002     app_ble_pem3.oem3 (.const:xdc_runtime_Memory_Module__id__C)

.const:xdc_runtime_Text_charCnt__C 
*          0    000012fc    00000002     
                  000012fc    00000002     app_ble_pem3.oem3 (.const:xdc_runtime_Text_charCnt__C)

.const:xdc_runtime_Text_isLoaded__C 
*          0    000012fe    00000002     
                  000012fe    00000002     app_ble_pem3.oem3 (.const:xdc_runtime_Text_isLoaded__C)

.const:xdc_runtime_Error_policy__C 
*          0    00001300    00000001     
                  00001300    00000001     app_ble_pem3.oem3 (.const:xdc_runtime_Error_policy__C)

.const:ti_sysbios_rom_ROM_ti_sysbios_family_arm_cc26xx_Timer_getCount64__E 
*          0    00001304    00000004     
                  00001304    00000004     app_ble_pem3.oem3 (.const:ti_sysbios_rom_ROM_ti_sysbios_family_arm_cc26xx_Timer_getCount64__E)

.const:ti_sysbios_rom_ROM_ti_sysbios_family_arm_cc26xx_Timer_getCurrentTick__E 
*          0    00001308    00000004     
                  00001308    00000004     app_ble_pem3.oem3 (.const:ti_sysbios_rom_ROM_ti_sysbios_family_arm_cc26xx_Timer_getCurrentTick__E)

.const:ti_sysbios_rom_ROM_ti_sysbios_family_arm_cc26xx_Timer_getMaxTicks__E 
*          0    0000130c    00000004     
                  0000130c    00000004     app_ble_pem3.oem3 (.const:ti_sysbios_rom_ROM_ti_sysbios_family_arm_cc26xx_Timer_getMaxTicks__E)

.const:ti_sysbios_rom_ROM_ti_sysbios_family_arm_cc26xx_Timer_initDevice__I 
*          0    00001310    00000004     
                  00001310    00000004     app_ble_pem3.oem3 (.const:ti_sysbios_rom_ROM_ti_sysbios_family_arm_cc26xx_Timer_initDevice__I)

.const:ti_sysbios_rom_ROM_ti_sysbios_family_arm_cc26xx_Timer_setNextTick__E 
*          0    00001314    00000004     
                  00001314    00000004     app_ble_pem3.oem3 (.const:ti_sysbios_rom_ROM_ti_sysbios_family_arm_cc26xx_Timer_setNextTick__E)

.const:ti_sysbios_rom_ROM_ti_sysbios_family_arm_cc26xx_Timer_setThreshold__I 
*          0    00001318    00000004     
                  00001318    00000004     app_ble_pem3.oem3 (.const:ti_sysbios_rom_ROM_ti_sysbios_family_arm_cc26xx_Timer_setThreshold__I)

.const:ti_sysbios_rom_ROM_ti_sysbios_family_arm_cc26xx_Timer_start__E 
*          0    0000131c    00000004     
                  0000131c    00000004     app_ble_pem3.oem3 (.const:ti_sysbios_rom_ROM_ti_sysbios_family_arm_cc26xx_Timer_start__E)

.const:ti_sysbios_rom_ROM_ti_sysbios_family_arm_cc26xx_TimestampProvider_get32__E 
*          0    00001320    00000004     
                  00001320    00000004     app_ble_pem3.oem3 (.const:ti_sysbios_rom_ROM_ti_sysbios_family_arm_cc26xx_TimestampProvider_get32__E)

.const:ti_sysbios_rom_ROM_xdc_runtime_Startup_getState__I 
*          0    00001324    00000004     
                  00001324    00000004     app_ble_pem3.oem3 (.const:ti_sysbios_rom_ROM_xdc_runtime_Startup_getState__I)

.const:ti_sysbios_rom_ROM_xdc_runtime_System_SupportProxy_abort__E 
*          0    00001328    00000004     
                  00001328    00000004     app_ble_pem3.oem3 (.const:ti_sysbios_rom_ROM_xdc_runtime_System_SupportProxy_abort__E)

.const:ti_sysbios_rom_ROM_xdc_runtime_System_SupportProxy_exit__E 
*          0    0000132c    00000004     
                  0000132c    00000004     app_ble_pem3.oem3 (.const:ti_sysbios_rom_ROM_xdc_runtime_System_SupportProxy_exit__E)

.TI.bound:NV_FLASH 
*          0    0001e000    00001000     
                  0001e000    00001000     ble5_simple_central_cc2640r2lp_stack_library.lib : osal_snv_wrapper.obj (.TI.bound:NV_FLASH)

.data:ti_sysbios_knl_Task_Module__state__V 
*          0    20000100    00000044     UNINITIALIZED
                  20000100    00000044     app_ble_pem3.oem3 (.data:ti_sysbios_knl_Task_Module__state__V)

.data:ti_sysbios_family_arm_m3_Hwi_Module__state__V 
*          0    20000144    00000034     UNINITIALIZED
                  20000144    00000034     app_ble_pem3.oem3 (.data:ti_sysbios_family_arm_m3_Hwi_Module__state__V)

.data:ti_sysbios_knl_Clock_Module__state__V 
*          0    20000178    0000002c     UNINITIALIZED
                  20000178    0000002c     app_ble_pem3.oem3 (.data:ti_sysbios_knl_Clock_Module__state__V)

.data:ti_sysbios_BIOS_Module__state__V 
*          0    200001a4    00000024     UNINITIALIZED
                  200001a4    00000024     app_ble_pem3.oem3 (.data:ti_sysbios_BIOS_Module__state__V)

.data:ti_sysbios_knl_Swi_Module__state__V 
*          0    200001c8    0000001c     UNINITIALIZED
                  200001c8    0000001c     app_ble_pem3.oem3 (.data:ti_sysbios_knl_Swi_Module__state__V)

.data:ti_sysbios_family_arm_cc26xx_Timer_Module__state__V 
*          0    200001e4    00000008     UNINITIALIZED
                  200001e4    00000008     app_ble_pem3.oem3 (.data:ti_sysbios_family_arm_cc26xx_Timer_Module__state__V)

.data:ti_sysbios_family_arm_cc26xx_TimestampProvider_Module__state__V 
*          0    200001ec    00000004     UNINITIALIZED
                  200001ec    00000004     app_ble_pem3.oem3 (.data:ti_sysbios_family_arm_cc26xx_TimestampProvider_Module__state__V)

.data:xdc_runtime_Startup_Module__state__V 
*          0    200001f0    00000008     UNINITIALIZED
                  200001f0    00000008     app_ble_pem3.oem3 (.data:xdc_runtime_Startup_Module__state__V)

.data:xdc_runtime_System_Module__state__V 
*          0    200001f8    00000008     UNINITIALIZED
                  200001f8    00000008     app_ble_pem3.oem3 (.data:xdc_runtime_System_Module__state__V)

.data:xdc_runtime_Memory_Module__state__V 
*          0    20000200    00000004     UNINITIALIZED
                  20000200    00000004     app_ble_pem3.oem3 (.data:xdc_runtime_Memory_Module__state__V)

.data:xdc_runtime_Error_Module__state__V 
*          0    20000204    00000002     UNINITIALIZED
                  20000204    00000002     app_ble_pem3.oem3 (.data:xdc_runtime_Error_Module__state__V)

.bootVecs 
*          0    00000000    00000008     DSECT
                  00000000    00000008     boot.aem3 : boot.oem3 (.bootVecs)

.resetVecs 
*          0    00000000    0000003c     
                  00000000    0000003c     app_ble_pem3.oem3 (.resetVecs)

.vecs      0    20000000    000000c8     NOLOAD SECTION
                  20000000    000000c8     app_ble_pem3.oem3 (.vecs)

xdc.meta   0    00000000    0000014a     COPY SECTION
                  00000000    0000014a     app_ble_pem3.oem3 (xdc.meta)

xdc.noload 
*          0    00000000    00000000     COPY SECTION

.cinit     0    00017900    000003a4     
                  00017900    00000261     (.cinit..data.load) [load image, compression = lzss]
                  00017b61    00000028     (.cinit..data:ti_sysbios_family_arm_m3_Hwi_Module__state__V.load) [load image, compression = lzss]
                  00017b89    00000021     (.cinit..data:ti_sysbios_knl_Task_Module__state__V.load) [load image, compression = lzss]
                  00017baa    0000001f     (.cinit..data:ti_sysbios_BIOS_Module__state__V.load) [load image, compression = lzss]
                  00017bc9    0000001e     (.cinit..data:ti_sysbios_knl_Clock_Module__state__V.load) [load image, compression = lzss]
                  00017be7    00000010     (.cinit..data:ti_sysbios_knl_Swi_Module__state__V.load) [load image, compression = lzss]
                  00017bf7    00000001     --HOLE-- [fill = 0]
                  00017bf8    0000000c     (__TI_handler_table)
                  00017c04    0000000b     (.cinit..data:ti_sysbios_family_arm_cc26xx_Timer_Module__state__V.load) [load image, compression = lzss]
                  00017c0f    00000001     --HOLE-- [fill = 0]
                  00017c10    00000008     (.cinit..bss.load) [load image, compression = zero_init]
                  00017c18    00000008     (.cinit..data:xdc_runtime_Memory_Module__state__V.load) [load image, compression = lzss]
                  00017c20    00000007     (.cinit..data:ti_sysbios_family_arm_cc26xx_TimestampProvider_Module__state__V.load) [load image, compression = lzss]
                  00017c27    00000007     (.cinit..data:xdc_runtime_Startup_Module__state__V.load) [load image, compression = lzss]
                  00017c2e    00000007     (.cinit..data:xdc_runtime_System_Module__state__V.load) [load image, compression = lzss]
                  00017c35    00000006     (.cinit..data:xdc_runtime_Error_Module__state__V.load) [load image, compression = lzss]
                  00017c3b    00000001     --HOLE-- [fill = 0]
                  00017c3c    00000068     (__TI_cinit_table)

.init_array 
*          0    00000000    00000000     UNINITIALIZED

.ccfg      0    0001ffa8    00000058     
                  0001ffa8    00000058     ccfg_app_ble.obj (.ccfg:retain)

.data      0    20000208    00001140     UNINITIALIZED
                  20000208    00000490     simple_central.obj (.data:$O3$$)
                  20000698    00000240     central.obj (.data:$O10$$)
                  200008d8    00000238     RFCC26XX_singleMode.obj (.data:$O6$$)
                  20000b10    00000180     ble5_simple_central_cc2640r2lp_stack_library.lib : gapbondmgr.obj (.data:$O19$$)
                  20000c90    00000114     drivers_cc26x0r2.aem3 : PowerCC26XX.oem3 (.data:PowerCC26XX_module)
                  20000da4    0000009c     icall.obj (.data:$O7$$)
                  20000e40    00000090     cc26xx_profiles_xcxx.a : gapgattserver.o (.data)
                  20000ed0    0000007c     ble5_simple_central_cc2640r2lp_stack_library.lib : osal_cbtimer.obj (.data:$O15$$)
                  20000f4c    0000004c     app_ble_pem3.oem3 (.data:ti_sysbios_knl_Task_Object__table__V)
                  20000f98    00000048     app_ble_pem3.oem3 (.data:ti_sysbios_family_arm_cc26xx_Timer_Object__table__V)
                  20000fe0    0000003c     cc2640_ll_xcxx.a : ll_config.o (.data)
                  2000101c    00000038     app_ble_pem3.oem3 (.data:ti_sysbios_gates_GateMutex_Object__table__V)
                  20001054    00000030     main.obj (.data:$O12$$)
                  20001084    00000030     app_ble_pem3.oem3 (.data:ti_sysbios_knl_Swi_Module_State_0_readyQ__A)
                  200010b4    00000030     app_ble_pem3.oem3 (.data:ti_sysbios_knl_Swi_Object__table__V)
                  200010e4    00000030     app_ble_pem3.oem3 (.data:ti_sysbios_knl_Task_Module_State_0_readyQ__A)
                  20001114    0000002c     ble5_simple_central_cc2640r2lp_stack_library.lib : osal.obj (.data:$O14$$)
                  20001140    00000020     app_ble_pem3.oem3 (.data:ti_sysbios_knl_Clock_Object__table__V)
                  20001160    00000020     app_ble_pem3.oem3 (.data:xdc_runtime_Error_IgnoreBlock)
                  20001180    0000001c     cc26xx_profiles_xcxx.a : gapgattserver.o (.data)
                  2000119c    00000018     app_ble_pem3.oem3 (.data:ti_sysbios_family_arm_m3_Hwi_Object__table__V)
                  200011b4    00000010     drivers_cc26x0r2.aem3 : PWMTimerCC26XX.oem3 (.data:$O1$$)
                  200011c4    00000010     icall_user_config.obj (.data:bleAppServiceInfoTable)
                  200011d4    00000010     cc2640_ll_xcxx.a : ll.o (.data)
                  200011e4    00000010     cc26xx_gap_xcxx.a : gap_centdevmgr.o (.data)
                  200011f4    00000010     cc26xx_profiles_xcxx.a : gattservapp.o (.data)
                  20001204    00000010     cc26xx_sm_xcxx.a : sm_intpairing.o (.data)
                  20001214    00000010     icall_api_lite.obj (.data)
                  20001224    00000010     ble_user_config.obj (.data:rfRegTblCoded)
                  20001234    0000000c     cc2640_ll_xcxx.a : ll_common.o (.data)
                  20001240    0000000c     ble_user_config.obj (.data:rfRegTbl)
                  2000124c    0000000c     app_ble_pem3.oem3 (.data:ti_sysbios_heaps_HeapCallback_Object__table__V)
                  20001258    00000008     ble5_simple_central_cc2640r2lp_stack_library.lib : hal_assert.obj (.data:$O13$$)
                  20001260    00000008                                                      : osal_clock.obj (.data:$O21$$)
                  20001268    00000008     rtsv7M3_T_le_eabi.lib : _lock.c.obj (.data:$O22$$)
                  20001270    00000008     ECCROMCC26XX.obj (.data:$O5$$)
                  20001278    00000008     icall_cc2650.obj (.data:$O9$$)
                  20001280    00000008     cc2640_ll_xcxx.a : ll_data.o (.data)
                  20001288    00000008     cc26xx_gap_xcxx.a : gap_centlinkmgr.o (.data)
                  20001290    00000008     cc26xx_profiles_xcxx.a : gapgattserver.o (.data)
                  20001298    00000008     ble_user_config.obj (.data:rfRegTbl1M)
                  200012a0    00000008     ble_user_config.obj (.data:rfRegTbl2M)
                  200012a8    00000008     app_ble_pem3.oem3 (.data:ti_sysbios_family_arm_m3_Hwi_Module__root__V)
                  200012b0    00000008     app_ble_pem3.oem3 (.data:ti_sysbios_gates_GateHwi_Module__root__V)
                  200012b8    00000008     app_ble_pem3.oem3 (.data:ti_sysbios_gates_GateMutex_Module__root__V)
                  200012c0    00000008     app_ble_pem3.oem3 (.data:ti_sysbios_hal_Hwi_Module__root__V)
                  200012c8    00000008     app_ble_pem3.oem3 (.data:ti_sysbios_heaps_HeapCallback_Module__root__V)
                  200012d0    00000008     app_ble_pem3.oem3 (.data:ti_sysbios_heaps_HeapMem_Module__root__V)
                  200012d8    00000008     app_ble_pem3.oem3 (.data:ti_sysbios_knl_Clock_Module__root__V)
                  200012e0    00000008     app_ble_pem3.oem3 (.data:ti_sysbios_knl_Event_Module__root__V)
                  200012e8    00000008     app_ble_pem3.oem3 (.data:ti_sysbios_knl_Mailbox_Module__root__V)
                  200012f0    00000008     app_ble_pem3.oem3 (.data:ti_sysbios_knl_Queue_Module__root__V)
                  200012f8    00000008     app_ble_pem3.oem3 (.data:ti_sysbios_knl_Semaphore_Module__root__V)
                  20001300    00000008     app_ble_pem3.oem3 (.data:ti_sysbios_knl_Swi_Module__root__V)
                  20001308    00000008     app_ble_pem3.oem3 (.data:ti_sysbios_knl_Task_Module__root__V)
                  20001310    00000008     app_ble_pem3.oem3 (.data:xdc_runtime_Registry_Module__state__V)
                  20001318    00000004     ble5_simple_central_cc2640r2lp_stack_library.lib : osal_pwrmgr.obj (.data:$O16$$)
                  2000131c    00000004                                                      : osal_snv_wrapper.obj (.data:$O17$$)
                  20001320    00000004                                                      : ble_user_config.obj (.data)
                  20001324    00000004                                                      : osal_bufmgr.obj (.data)
                  20001328    00000004     ble_user_config.obj (.data)
                  2000132c    00000004     rtsv7M3_T_le_eabi.lib : stkdepth_vars.c.obj (.data)
                  20001330    00000004     app_ble_pem3.oem3 (.data:ti_sysbios_family_arm_m3_Hwi_Module_State_0_excContext__A)
                  20001334    00000004     app_ble_pem3.oem3 (.data:ti_sysbios_family_arm_m3_Hwi_Module_State_0_excStack__A)
                  20001338    00000004     app_ble_pem3.oem3 (.data:ti_sysbios_knl_Task_Module_State_0_idleTask__A)
                  2000133c    00000002     cc26xx_sm_xcxx.a : sm_mgr.o (.data)
                  2000133e    00000002     app_ble_pem3.oem3 (.data:ti_sysbios_family_arm_m3_Hwi_Module_State_0_excActive__A)
                  20001340    00000001     TRNGCC26XX.obj (.data)
                  20001341    00000001     cc26xx_gatt_xcxx.a : gatt_client.o (.data)
                  20001342    00000001     cc26xx_profiles_xcxx.a : gapgattserver.o (.data)
                  20001343    00000001                            : gapgattserver.o (.data)
                  20001344    00000001                            : gapgattserver.o (.data)
                  20001345    00000001                            : gapgattserver.o (.data)
                  20001346    00000001     drivers_cc26x0r2.aem3 : PWM.oem3 (.data)
                  20001347    00000001                           : UART.oem3 (.data)

.bss       0    20001348    00000cf7     UNINITIALIZED
                  20001348    00000278     cc2640_ll_xcxx.a : ll_privacy.o (.bss)
                  200015c0    00000200     app_ble_pem3.oem3 (.bss:taskStackSection)
                  200017c0    0000012c     (.common:uartCC26XXObjects)
                  200018ec    00000120     (.common:gptimerCC26XXObjects)
                  20001a0c    00000110     drivers_cc26x0r2.aem3 : PINCC26XX.oem3 (.bss:$O1$$)
                  20001b1c    00000100     (.common:pwmtimerCC26xxObjects)
                  20001c1c    000000f0     cc2640_ll_xcxx.a : ble.o (.bss)
                  20001d0c    000000c8     (.common:ti_sysbios_family_arm_m3_Hwi_dispatchTable)
                  20001dd4    00000080     board.obj (.bss:uartStringBuf$15)
                  20001e54    00000080     (.common:cryptoCC26XXObjects)
                  20001ed4    0000003c     cc2640_ll_xcxx.a : ble.o (.bss)
                  20001f10    00000028                      : ll_scan_end_causes.o (.bss)
                  20001f38    00000024                      : ll.o (.bss)
                  20001f5c    0000001c     drivers_cc26x0r2.aem3 : CryptoCC26XX.oem3 (.bss:CryptoSem)
                  20001f78    0000001c     cc2640_ll_xcxx.a : ble.o (.bss)
                  20001f94    00000014                      : ll.o (.bss)
                  20001fa8    00000014     driverlib.lib : osc.obj (.bss:oscHfGlobals$60)
                  20001fbc    00000010     util.obj (.bss:str$1$5)
                  20001fcc    0000000c     ble5_simple_central_cc2640r2lp_stack_library.lib : osal_timers.obj (.bss:$O18$$)
                  20001fd8    0000000c     cc2640_ll_xcxx.a : ll_scheduler.o (.bss)
                  20001fe4    0000000c     (.common:displayUartObject)
                  20001ff0    00000008     dpl_cc26x0r2.aem3 : PowerCC26XX_tirtos.oem3 (.bss:$O1$$)
                  20001ff8    00000008     RFCC26XX_singleMode.obj (.bss)
                  20002000    00000008     driverlib.lib : sys_ctrl.obj (.bss:powerQualGlobals$62)
                  20002008    00000004     cc2640_ll_xcxx.a : ble.o (.bss)
                  2000200c    00000004                      : ble.o (.bss)
                  20002010    00000004                      : ll.o (.bss)
                  20002014    00000004                      : ll.o (.bss)
                  20002018    00000004     cc26xx_att_xcxx.a : att_client.o (.bss)
                  2000201c    00000004     cc26xx_gatt_xcxx.a : gatt_client.o (.bss)
                  20002020    00000004     (.common:ClockP_tickPeriod)
                  20002024    00000004     (.common:gPWM0)
                  20002028    00000004     (.common:tasksEvents)
                  2000202c    00000004     (.common:trngCC26XXObjects)
                  20002030    00000002     cc2640_ll_xcxx.a : ll.o (.bss)
                  20002032    00000002                      : ll.o (.bss)
                  20002034    00000002     drivers_cc26x0r2.aem3 : UARTCC26XX.oem3 (.bss)
                  20002036    00000001     cc2640_ll_xcxx.a : ll.o (.bss)
                  20002037    00000001     cc26xx_hci_tl_none.a : hci_tl.o (.bss)
                  20002038    00000001                          : hci_tl.o (.bss)
                  20002039    00000001                          : hci_tl.o (.bss)
                  2000203a    00000001                          : hci_tl.o (.bss)
                  2000203b    00000001                          : hci_tl.o (.bss)
                  2000203c    00000001     (.common:driverlib_release_0_48919)
                  2000203d    00000001     (.common:g_hwiInt)
                  2000203e    00000001     (.common:icall_liteTaskId)

.vtable    0    2000203f    00000000     UNINITIALIZED

.vtable_ram 
*          0    2000203f    00000000     UNINITIALIZED

vtable_ram 
*          0    2000203f    00000000     UNINITIALIZED

.sysmem    0    2000203f    00000000     UNINITIALIZED

.nonretenvar 
*          0    2000203f    00000000     UNINITIALIZED

.stack     0    20004000    00000400     UNINITIALIZED
                  20004000    00000400     --HOLE--

.text.1    0    0000003c    00000fc4     
                  0000003c    00000f50     cc2640_ll_xcxx.a : ll.o (.text)
                  00000f8c    00000008     ble_r2.symbols (.tramp.LL_ENC_GenerateTrueRandNum.1)
                  00000f94    00000008     ble_r2.symbols (.tramp.LL_PRIV_GenerateRSA.1)
                  00000f9c    00000008     ble_r2.symbols (.tramp.LL_ENC_Init.1)
                  00000fa4    0000005c     display.aem3 : Display.oem3 (.text:Display_doOpen)

.text.2    0    00001330    000154b0     
                  00001330    0000079c     cc2640_ll_xcxx.a : ble.o (.text)
                  00001acc    00000638     simple_central.obj (.text:SimpleBLECentral_processStackMsg$4)
                  00002104    0000056c     simple_central.obj (.text:SimpleBLECentral_AutoConnect$4)
                  00002670    0000056c     cc2640_ll_xcxx.a : ll_master_end_causes.o (.text)
                  00002bdc    00000494     ble5_simple_central_cc2640r2lp_stack_library.lib : gapbondmgr.obj (.text:GAPBondMgr_ProcessEvent)
                  00003070    00000428     simple_central.obj (.text:SimpleBLECentral_taskFxn$4)
                  00003498    000003b8     cc2640_ll_xcxx.a : ll_init_end_causes.o (.text)
                  00003850    00000398                      : ll_scheduler.o (.text)
                  00003be8    0000035c     RFCC26XX_singleMode.obj (.text:fsmActiveState$7)
                  00003f44    00000358     cc2640_ll_xcxx.a : ll_isr.o (.text)
                  0000429c    0000033c     rom_sysbios.aem3 : rom_sysbios.obj (.text:xdc_runtime_System_doPrint__I)
                  000045d8    00000314     drivers_cc26x0r2.aem3 : PowerCC26XX_calibrateRCOSC.oem3 (.text:PowerCC26XX_auxISR)
                  000048ec    000002e4     cc2640_ll_xcxx.a : ll_isr.o (.text)
                  00004bd0    000002bc                      : ll.o (.text)
                  00004e8c    000002bc     ble5_simple_central_cc2640r2lp_stack_library.lib : icall_startup.obj (.text:startup_entry)
                  00005148    000002ac                                                      : gapbondmgr.obj (.text:GAPBondMgr_SetParameter)
                  000053f4    00000260     cc2640_ll_xcxx.a : ll.o (.text)
                  00005654    00000254     cc26xx_profiles_xcxx.a : gapgattserver.o (.text)
                  000058a8    0000024c     drivers_cc26x0r2.aem3 : CryptoCC26XX.oem3 (.text:cryptoTransactionExecute)
                  00005af4    0000023c                           : PowerCC26XX.oem3 (.text:Power_sleep)
                  00005d30    00000224     RFCC26XX_singleMode.obj (.text:RF_open)
                  00005f54    00000220     driverlib.lib : sys_ctrl.obj (.text:NOROM_SysCtrlSetRechargeBeforePowerDown)
                  00006174    00000210     cc26xx_profiles_xcxx.a : gattservapp.o (.text)
                  00006384    0000020c     cc2640_ll_xcxx.a : ll_common.o (.text)
                  00006590    00000208                      : ll_common.o (.text)
                  00006798    00000204     cc26xx_sm_xcxx.a : sm_pairing.o (.text)
                  0000699c    000001e4     cc2640_ll_xcxx.a : ll_common.o (.text)
                  00006b80    000001e4                      : ll_master_end_causes.o (.text)
                  00006d64    000001dc     RFCC26XX_singleMode.obj (.text:fsmSetupState$7)
                  00006f40    000001d8     cc2640_ll_xcxx.a : ll_common.o (.text)
                  00007118    000001d0     ble5_simple_central_cc2640r2lp_stack_library.lib : gapbondmgr.obj (.text:gapBondMgrAddBond$32)
                  000072e8    000001c4     cc26xx_sm_xcxx.a : sm_intpairing.o (.text)
                  000074ac    000001c0     cc2640_ll_xcxx.a : ll_isr.o (.text)
                  0000766c    000001bc     ble5_simple_central_cc2640r2lp_stack_library.lib : osal.obj (.text:osal_start_system)
                  00007828    000001a8     RFCC26XX_singleMode.obj (.text:RF_postCmd)
                  000079d0    000001a8     cc2640_ll_xcxx.a : ll.o (.text)
                  00007b78    00000198                      : ll_common.o (.text)
                  00007d10    00000194     ECCROMCC26XX.obj (.text:ECCROMCC26XX_genDHKey)
                  00007ea4    00000190     drivers_cc26x0r2.aem3 : PowerCC26XX_calibrateRCOSC.oem3 (.text:PowerCC26XX_doCalibrate)
                  00008034    00000190     ble5_simple_central_cc2640r2lp_stack_library.lib : gapbondmgr.obj (.text:gapBondMgrAuthenticate$32)
                  000081c4    00000190     icall.obj (.text:icall_directAPI)
                  00008354    0000018c     drivers_cc26x0r2.aem3 : PINCC26XX.oem3 (.text:PIN_init)
                  000084e0    00000184     RFCC26XX_singleMode.obj (.text:abortCmd$7)
                  00008664    00000180     cc2640_ll_xcxx.a : ll_master_end_causes.o (.text)
                  000087e4    00000174     cc26xx_gatt_xcxx.a : gatt_client.o (.text)
                  00008958    00000164     cc2640_ll_xcxx.a : ll.o (.text)
                  00008abc    00000160     cc26xx_gatt_xcxx.a : gatt_client.o (.text)
                  00008c1c    0000015c     drivers_cc26x0r2.aem3 : UARTCC26XX.oem3 (.text:UARTCC26XX_open)
                  00008d78    00000150     cc26xx_sm_xcxx.a : sm_intpairing.o (.text)
                  00008ec8    00000148     cc26xx_gap_xcxx.a : gap_linkmgr.o (.text)
                  00009010    00000144     cc2640_ll_xcxx.a : ll_common.o (.text)
                  00009154    00000140     main.obj (.text:AssertHandler)
                  00009294    0000013c     drivers_cc26x0r2.aem3 : PowerCC26XX.oem3 (.text:Power_init)
                  000093d0    00000138     cc2640_ll_xcxx.a : ll.o (.text)
                  00009508    00000136     rtsv7M3_T_le_eabi.lib : fd_div_t2.asm.obj (.text)
                  0000963e    00000002     ble_user_config.obj (.text:DefaultAssertCback)
                  00009640    00000128     ECCROMCC26XX.obj (.text:ECCROMCC26XX_genKeys)
                  00009768    00000128     cc2640_ll_xcxx.a : ll_scheduler.o (.text)
                  00009890    00000128     ble5_simple_central_cc2640r2lp_stack_library.lib : gapbondmgr.obj (.text:gapBondMgrEraseBonding$32)
                  000099b8    0000011c                                                      : osal_snv_wrapper.obj (.text:compactPage$29)
                  00009ad4    00000118     drivers_cc26x0r2.aem3 : UARTCC26XX.oem3 (.text:UARTCC26XX_read)
                  00009bec    00000118     cc2640_ll_xcxx.a : ll.o (.text)
                  00009d04    00000114     simple_central.obj (.text:SimpleBLECentral_processGATTDiscEvent$4)
                  00009e18    0000010a     drivers_cc26x0r2.aem3 : UARTCC26XX.oem3 (.text:UARTCC26XX_hwiIntFxn)
                  00009f22    00000002     display.aem3 : DisplayUart.oem3 (.text:DisplayUartAnsi_init)
                  00009f24    00000108     RFCC26XX_singleMode.obj (.text:hwiFxnCpe0Active$7)
                  0000a02c    00000104     ble5_simple_central_cc2640r2lp_stack_library.lib : gapbondmgr.obj (.text:GAPBondMgr_LinkEst)
                  0000a130    00000104     cc26xx_gap_xcxx.a : gap_centdevmgr.o (.text)
                  0000a234    00000100     cc2640_ll_xcxx.a : ll_scan_end_causes.o (.text)
                  0000a334    00000100     cc26xx_sm_xcxx.a : sm_task.o (.text)
                  0000a434    000000fc     drivers_cc26x0r2.aem3 : UARTCC26XX.oem3 (.text:UARTCC26XX_write)
                  0000a530    000000fc     cc26xx_gap_xcxx.a : gap_centlinkmgr.o (.text)
                  0000a62c    000000fa     rtsv7M3_T_le_eabi.lib : fs_add_t2.asm.obj (.text)
                  0000a726    00000002     ble5_simple_central_cc2640r2lp_stack_library.lib : onboard.obj (.text:Onboard_soft_reset)
                  0000a728    000000f8     cc2640_ll_xcxx.a : ll.o (.text)
                  0000a820    000000f8     ble5_simple_central_cc2640r2lp_stack_library.lib : osal_snv_wrapper.obj (.text:osal_snv_write)
                  0000a918    000000f8     RFCC26XX_singleMode.obj (.text:radioOpDoneCb$7)
                  0000aa10    000000f8     app_ble_pem3.oem3 (.text:xdc_runtime_System_printfExtend__I)
                  0000ab08    000000f4     RFCC26XX_singleMode.obj (.text:fsmPowerUpState$7)
                  0000abfc    000000f0     cc2640_ll_xcxx.a : ll.o (.text)
                  0000acec    000000f0                      : ll_common.o (.text)
                  0000addc    000000f0     central.obj (.text:gapCentralRole_ProcessGAPMsg$14)
                  0000aecc    000000ec     drivers_cc26x0r2.aem3 : PWMTimerCC26XX.oem3 (.text:PWMTimerCC26XX_open)
                  0000afb8    000000e8     cc2640_ll_xcxx.a : ll.o (.text)
                  0000b0a0    000000e8     ble5_simple_central_cc2640r2lp_stack_library.lib : osal_timers.obj (.text:osalTimerUpdate)
                  0000b188    000000e4     cc2640_ll_xcxx.a : ll.o (.text)
                  0000b26c    000000e4     cc26xx_gatt_xcxx.a : gatt_client.o (.text)
                  0000b350    000000e4     cc26xx_sm_xcxx.a : sm_intpairing.o (.text)
                  0000b434    000000e0                      : sm_pairing.o (.text)
                  0000b514    000000dc     drivers_cc26x0r2.aem3 : PINCC26XX.oem3 (.text:PINCC26XX_setIoCfg)
                  0000b5f0    000000dc     cc2640_hci_xcxx.a : hci_event.o (.text)
                  0000b6cc    000000dc     cc26xx_gap_xcxx.a : gap_centdevmgr.o (.text)
                  0000b7a8    000000d8                       : gap_linkmgr.o (.text)
                  0000b880    000000d8     main.obj (.text:main)
                  0000b958    000000d4     drivers_cc26x0r2.aem3 : CryptoCC26XX.oem3 (.text:CryptoCC26XX_open)
                  0000ba2c    000000d4     dpl_cc26x0r2.aem3 : PowerCC26XX_tirtos.oem3 (.text:PowerCC26XX_standbyPolicy)
                  0000bb00    000000d4     central.obj (.text:gapCentralRole_taskFxn$14)
                  0000bbd4    000000d0     cc2640_ll_xcxx.a : ll_scan_end_causes.o (.text)
                  0000bca4    000000ce     cc26xx_sm_xcxx.a : sm_pairing.o (.text)
                  0000bd72    00000002     drivers_cc26x0r2.aem3 : PWMTimerCC26XX.oem3 (.text:PWMTimerCC26XX_init)
                  0000bd74    000000c4     cc26xx_sm_xcxx.a : sm_pairing.o (.text)
                  0000be38    000000c2     cc2640_ll_xcxx.a : ll.o (.text)
                  0000befa    00000002     ble5_simple_central_cc2640r2lp_stack_library.lib : sm_ecc.obj (.text:SM_dhKeyCB)
                  0000befc    000000c0     cc2640_ll_xcxx.a : ll_common.o (.text)
                  0000bfbc    000000c0     ble5_simple_central_cc2640r2lp_stack_library.lib : osal.obj (.text:osal_set_event)
                  0000c07c    000000bc     drivers_cc26x0r2.aem3 : GPTimerCC26XX.oem3 (.text:GPTimerCC26XX_open)
                  0000c138    000000bc                           : PowerCC26XX.oem3 (.text:Power_releaseDependency)
                  0000c1f4    000000bc     cc2640_hci_xcxx.a : hci_event.o (.text)
                  0000c2b0    000000b8     driverlib.lib : setup.obj (.text:NOROM_SetupTrimDevice)
                  0000c368    000000b8     cc2640_ll_xcxx.a : ll_scheduler.o (.text)
                  0000c420    000000b4     drivers_cc26x0r2.aem3 : PowerCC26XX.oem3 (.text:Power_setDependency)
                  0000c4d4    000000b0     TRNGCC26XX.obj (.text:TRNGCC26XX_getNumber)
                  0000c584    000000b0     drivers_cc26x0r2.aem3 : UARTCC26XX.oem3 (.text:UARTCC26XX_initHw)
                  0000c634    000000b0     cc2640_ll_xcxx.a : ble.o (.text)
                  0000c6e4    000000b0     cc26xx_gap_xcxx.a : gap_linkmgr.o (.text)
                  0000c794    000000ac     display.aem3 : DisplayUart.oem3 (.text:DisplayUartAnsi_clearLines)
                  0000c840    000000ac     cc2640_ll_xcxx.a : ll.o (.text)
                  0000c8ec    000000aa                      : ll_common.o (.text)
                  0000c996    00000002     ble5_simple_central_cc2640r2lp_stack_library.lib : sm_ecc.obj (.text:SM_p256KeyCB)
                  0000c998    000000a8     cc2640_ll_xcxx.a : ll.o (.text)
                  0000ca40    000000a8                      : ll.o (.text)
                  0000cae8    000000a8     cc26xx_gatt_xcxx.a : gatt_client.o (.text)
                  0000cb90    000000a7     display.aem3 : DisplayUart.oem3 (.text:DisplayUartAnsi_open)
                  0000cc37    00000001     --HOLE-- [fill = 0]
                  0000cc38    000000a4     ble5_simple_central_cc2640r2lp_stack_library.lib : gapbondmgr.obj (.text:GAPBondMgr_ResolveAddr)
                  0000ccdc    000000a4     cc2640_ll_xcxx.a : ll.o (.text)
                  0000cd80    000000a4     cc26xx_sm_xcxx.a : sm_intpairing.o (.text)
                  0000ce24    000000a4     ble5_simple_central_cc2640r2lp_stack_library.lib : osal.obj (.text:osal_msg_enqueue_push$24)
                  0000cec8    000000a0     drivers_cc26x0r2.aem3 : GPTimerCC26XX.oem3 (.text:GPTimerCC26XX_close)
                  0000cf68    000000a0     auto_init.aem3 : auto_init.oem3 (.text)
                  0000d008    000000a0     cc2640_hci_xcxx.a : hci_event.o (.text)
                  0000d0a8    000000a0     cc2640_ll_xcxx.a : ll_common.o (.text)
                  0000d148    0000009f     display.aem3 : DisplayUart.oem3 (.text:DisplayUartAnsi_vprintf)
                  0000d1e7    00000001     --HOLE-- [fill = 0]
                  0000d1e8    0000009e     ble5_simple_central_cc2640r2lp_stack_library.lib : gapbondmgr.obj (.text:gapBondMgrUpdateCharCfg$32)
                  0000d286    00000002     rtsv7M3_T_le_eabi.lib : _lock.c.obj (.text:_nop)
                  0000d288    0000009e     rom_sysbios.aem3 : rom_sysbios.obj (.text:xdc_runtime_Text_putSite__E)
                  0000d326    00000002     RFCC26XX_singleMode.obj (.text:defaultCallback$7)
                  0000d328    0000009c     ble5_simple_central_cc2640r2lp_stack_library.lib : osal_cbtimer.obj (.text:cbTimerSetup$26)
                  0000d3c4    0000009c     cc2640_ll_xcxx.a : ll_scheduler.o (.text)
                  0000d460    0000009c     ble5_simple_central_cc2640r2lp_stack_library.lib : osal_cbtimer.obj (.text:osal_CbTimerProcessEvent)
                  0000d4fc    0000009c     rtsv7M3_T_le_eabi.lib : memcpy_t2.asm.obj (.text)
                  0000d598    00000098     ble5_simple_central_cc2640r2lp_stack_library.lib : gapbondmgr.obj (.text:GAPBondMgr_syncResolvingList)
                  0000d630    00000098     drivers_cc26x0r2.aem3 : PINCC26XX.oem3 (.text:PIN_open)
                  0000d6c8    00000098                           : UARTCC26XX.oem3 (.text:UARTCC26XX_initIO)
                  0000d760    00000098     cc2640_ll_xcxx.a : ll.o (.text)
                  0000d7f8    00000098                      : ll.o (.text)
                  0000d890    00000098     cc26xx_gap_xcxx.a : gap_centdevmgr.o (.text)
                  0000d928    00000098     rom_sysbios.aem3 : rom_sysbios.obj (.text:ti_sysbios_knl_Clock_workFuncDynamic__E)
                  0000d9c0    00000098                      : rom_sysbios.obj (.text:xdc_runtime_Text_putMod__E)
                  0000da58    00000096     rtsv7M3_T_le_eabi.lib : ull_div_t2.asm.obj (.text)
                  0000daee    00000002     drivers_cc26x0r2.aem3 : PowerCC26XX.oem3 (.text:emptyClockFunc)
                  0000daf0    00000094     icall.obj (.text:ICall_setTimer)
                  0000db84    00000094     cc2640_ll_xcxx.a : ll_common.o (.text)
                  0000dc18    00000094                      : ll_enc.o (.text)
                  0000dcac    00000094     ble5_simple_central_cc2640r2lp_stack_library.lib : osal.obj (.text:osal_msg_receive)
                  0000dd40    00000094                                                      : osal_timers.obj (.text:osal_timer_refTimeUpdate)
                  0000ddd4    00000094     drivers_cc26x0r2.aem3 : UARTCC26XX.oem3 (.text:writeFinishedDoCallback)
                  0000de68    00000090     driverlib.lib : crypto.obj (.text:NOROM_CRYPTOAesLoadKey)
                  0000def8    00000090                   : setup.obj (.text:TrimAfterColdResetWakeupFromShutDown$19)
                  0000df88    00000090     cc26xx_gatt_xcxx.a : gatt_client.o (.text)
                  0000e018    00000090     cc26xx_hci_tl_none.a : hci_tl.o (.text)
                  0000e0a8    00000090     cc26xx_sm_xcxx.a : sm_intpairing.o (.text)
                  0000e138    0000008c     icall.obj (.text:ICall_heapMalloc)
                  0000e1c4    0000008c     drivers_cc26x0r2.aem3 : UARTCC26XX.oem3 (.text:UARTCC26XX_close)
                  0000e250    0000008c                           : UARTCC26XX.oem3 (.text:UARTCC26XX_writeCancel)
                  0000e2dc    0000008c     cc2640_ll_xcxx.a : ll_common.o (.text)
                  0000e368    0000008c                      : ll_enc.o (.text)
                  0000e3f4    0000008c     cc26xx_gatt_xcxx.a : gatt_client.o (.text)
                  0000e480    0000008c     drivers_cc26x0r2.aem3 : PowerCC26XX.oem3 (.text:disableLFClockQualifiers)
                  0000e50c    00000088     cc2640_hci_xcxx.a : hci_event.o (.text)
                  0000e594    00000088     cc2640_ll_xcxx.a : ll_common.o (.text)
                  0000e61c    00000088                      : ll_scan_end_causes.o (.text)
                  0000e6a4    00000086                      : ll_common.o (.text)
                  0000e72a    00000086     cc26xx_gatt_xcxx.a : gatt_client.o (.text)
                  0000e7b0    00000084     cc2640_ll_xcxx.a : ll.o (.text)
                  0000e834    00000084     drivers_cc26x0r2.aem3 : PowerCC26XX.oem3 (.text:switchXOSCHFclockFunc)
                  0000e8b8    00000080                           : PWMTimerCC26XX.oem3 (.text:PWMTimerCC26XX_setPeriod)
                  0000e938    00000080     RFCC26XX_singleMode.obj (.text:RF_pendCmd)
                  0000e9b8    00000080     cc2640_ll_xcxx.a : ll.o (.text)
                  0000ea38    00000080     cc26xx_gatt_xcxx.a : gatt_client.o (.text)
                  0000eab8    0000007e     cc2640_ll_xcxx.a : ll.o (.text)
                  0000eb36    0000007e     cc26xx_profiles_xcxx.a : gattservapp.o (.text)
                  0000ebb4    0000007c     cc2640_ll_xcxx.a : ll_init_end_causes.o (.text)
                  0000ec30    0000007c                      : ll_scheduler.o (.text)
                  0000ecac    0000007c     cc26xx_gap_xcxx.a : gap_centdevmgr.o (.text)
                  0000ed28    0000007c                       : gap_linkmgr.o (.text)
                  0000eda4    0000007c     cc26xx_gatt_xcxx.a : gatt_client.o (.text)
                  0000ee20    0000007c     ble5_simple_central_cc2640r2lp_stack_library.lib : osal.obj (.text:osal_event_send$24)
                  0000ee9c    0000007c     RFCC26XX_singleMode.obj (.text:swiFxnHw$7)
                  0000ef18    0000007a     drivers_cc26x0r2.aem3 : CryptoCC26XX.oem3 (.text:CryptoCC26XX_allocateKey)
                  0000ef92    0000007a     rtsv7M3_T_le_eabi.lib : fs_mul_t2.asm.obj (.text)
                  0000f00c    0000007a                           : memset_t2.asm.obj (.text)
                  0000f086    00000002     ble5_simple_central_cc2640r2lp_stack_library.lib : hal_assert.obj (.text:halAssertHandler)
                  0000f088    00000078                                                      : gapbondmgr.obj (.text:GAPBondMgr_SlaveReqSecurity)
                  0000f100    00000078     cc2640_ll_xcxx.a : ll_common.o (.text)
                  0000f178    00000078                      : ll_enc.o (.text)
                  0000f1f0    00000078     drivers_cc26x0r2.aem3 : UARTCC26XX.oem3 (.text:writeTxFifoFlush)
                  0000f268    00000076     cc2640_ll_xcxx.a : ll_common.o (.text)
                  0000f2de    00000002     ble5_simple_central_cc2640r2lp_stack_library.lib : hal_assert.obj (.text:halAssertSpinlock)
                  0000f2e0    00000074     cc2640_ll_xcxx.a : ll.o (.text)
                  0000f354    00000074                      : ll_common.o (.text)
                  0000f3c8    00000074                      : ll_common.o (.text)
                  0000f43c    00000074                      : ll_common.o (.text)
                  0000f4b0    00000074     cc26xx_gatt_xcxx.a : gatt_client.o (.text)
                  0000f524    00000074     rom_sysbios.aem3 : rom_sysbios.obj (.text:ti_sysbios_family_arm_cc26xx_Timer_start__E)
                  0000f598    00000070     icall.obj (.text:ICall_heapGetStats)
                  0000f608    00000070     icall.obj (.text:ICall_heapInit)
                  0000f678    00000070     ble5_simple_central_cc2640r2lp_stack_library.lib : ble_dispatch_lite.obj (.text:ble_dispatch_liteProcess)
                  0000f6e8    00000070     cc2640_ll_xcxx.a : ll_common.o (.text)
                  0000f758    00000070     cc26xx_profiles_xcxx.a : gapgattserver.o (.text)
                  0000f7c8    00000070     cc26xx_sm_xcxx.a : sm_intpairing.o (.text)
                  0000f838    00000070     ble5_simple_central_cc2640r2lp_stack_library.lib : osal_snv_wrapper.obj (.text:writeWord$29)
                  0000f8a8    0000006e     cc2640_ll_xcxx.a : ll_common.o (.text)
                  0000f916    0000006e     rtsv7M3_T_le_eabi.lib : fd_tos_t2.asm.obj (.text)
                  0000f984    0000006d     rom_sysbios.aem3 : rom_sysbios.obj (.text:xdc_runtime_System_formatNum__I)
                  0000f9f1    00000001     --HOLE-- [fill = 0]
                  0000f9f2    00000002     icall_api_lite.obj (.text:rfErrCb)
                  0000f9f4    0000006c     icall.obj (.text:ICall_createRemoteTasks)
                  0000fa60    0000006c     icall.obj (.text:ICall_send)
                  0000facc    0000006c     icall.obj (.text:ICall_sendServiceComplete)
                  0000fb38    0000006c     driverlib.lib : osc.obj (.text:NOROM_OSCHF_AttemptToSwitchToXosc)
                  0000fba4    0000006c     drivers_cc26x0r2.aem3 : PowerCC26XX_calibrateRCOSC.oem3 (.text:PowerCC26XX_initiateCalibration)
                  0000fc10    0000006c     cc2640_ll_xcxx.a : ble.o (.text)
                  0000fc7c    0000006c                      : ll.o (.text)
                  0000fce8    0000006c                      : ll_common.o (.text)
                  0000fd54    0000006c     cc26xx_gap_xcxx.a : gap_centdevmgr.o (.text)
                  0000fdc0    0000006c     cc26xx_gatt_xcxx.a : gatt_client.o (.text)
                  0000fe2c    0000006c                        : gatt_client.o (.text)
                  0000fe98    0000006c     drivers_cc26x0r2.aem3 : PowerCC26XX.oem3 (.text:configureXOSCHF)
                  0000ff04    00000068     driverlib.lib : sys_ctrl.obj (.text:NOROM_SysCtrl_DCDC_VoltageConditionalControl)
                  0000ff6c    00000068     drivers_cc26x0r2.aem3 : UARTCC26XX.oem3 (.text:UARTCC26XX_readCancel)
                  0000ffd4    00000068     cc2640_ll_xcxx.a : ll.o (.text)
                  0001003c    00000068                      : ll.o (.text)
                  000100a4    00000068                      : ll.o (.text)
                  0001010c    00000068                      : ll.o (.text)
                  00010174    00000068                      : ll_common.o (.text)
                  000101dc    00000068                      : ll_common.o (.text)
                  00010244    00000068                      : ll_privacy.o (.text)
                  000102ac    00000068     cc26xx_sm_xcxx.a : sm_intpairing.o (.text)
                  00010314    00000068     RFCC26XX_singleMode.obj (.text:decActiveClientCnt$7)
                  0001037c    00000068     rtsv7M3_T_le_eabi.lib : copy_decompress_lzss.c.obj (.text:decompress:lzss:__TI_decompress_lzss)
                  000103e4    00000068     ble5_simple_central_cc2640r2lp_stack_library.lib : osal_cbtimer.obj (.text:osal_CbTimerUpdate)
                  0001044c    00000066     cc2640_ll_xcxx.a : ll_common.o (.text)
                  000104b2    00000066                      : ll_common.o (.text)
                  00010518    00000066                      : ll_privacy.o (.text)
                  0001057e    00000066                      : ll_privacy.o (.text)
                  000105e4    00000064     driverlib.lib : sys_ctrl.obj (.text:NOROM_SysCtrlAdjustRechargeAfterPowerDown)
                  00010648    00000064     drivers_cc26x0r2.aem3 : PINCC26XX.oem3 (.text:PIN_add)
                  000106ac    00000064     cc26xx_profiles_xcxx.a : gattservapp.o (.text)
                  00010710    00000064     cc26xx_sm_xcxx.a : sm_intpairing.o (.text)
                  00010774    00000064     RFCC26XX_singleMode.obj (.text:fsmXOSCState$7)
                  000107d8    00000062     cc2640_ll_xcxx.a : ll_common.o (.text)
                  0001083a    00000062                      : ll_privacy.o (.text)
                  0001089c    00000062     ble5_simple_central_cc2640r2lp_stack_library.lib : gapbondmgr.obj (.text:gapBondMgrBondReq$32)
                  000108fe    00000002     rtsv7M3_T_le_eabi.lib : div0.asm.obj (.text)
                  00010900    00000060     icall.obj (.text:ICall_enrollService)
                  00010960    00000060     rtsv7M3_T_le_eabi.lib : fs_cmp_t2.asm.obj (.text:__aeabi_cfcmple)
                  000109c0    00000060                           : fs_cmp_t2.asm.obj (.text:__aeabi_cfrcmple)
                  00010a20    00000060     cc2640_ll_xcxx.a : ll_common.o (.text)
                  00010a80    00000060                      : ll_common.o (.text)
                  00010ae0    0000005e     icall.obj (.text:ICall_fetchMsg)
                  00010b3e    0000005e     cc2640_ll_xcxx.a : ll_common.o (.text)
                  00010b9c    0000005e     cc26xx_gatt_xcxx.a : gatt_client.o (.text)
                  00010bfa    00000002     app_ble_pem3.oem3 (.text:ti_sysbios_BIOS_nullFunc__I)
                  00010bfc    0000005c     icall.obj (.text:ICall_pwrUpdActivityCounter)
                  00010c58    0000005c     drivers_cc26x0r2.aem3 : PowerCC26XX_calibrateRCOSC.oem3 (.text:PowerCC26XX_RCOSC_clockFunc)
                  00010cb4    0000005c                           : PowerCC26XX.oem3 (.text:PowerCC26XX_calibrate)
                  00010d10    0000005c     RFCC26XX_singleMode.obj (.text:RF_getCurrentTime)
                  00010d6c    0000005c     util.obj (.text:Util_rescheduleClock)
                  00010dc8    0000005c     cc26xx_gap_xcxx.a : gap_centlinkmgr.o (.text)
                  00010e24    0000005c     cc26xx_gatt_xcxx.a : gatt_client.o (.text)
                  00010e80    0000005c     cc26xx_profiles_xcxx.a : gattservapp.o (.text)
                  00010edc    0000005c     cc26xx_sm_xcxx.a : sm_intpairing.o (.text)
                  00010f38    0000005c     app_ble_pem3.oem3 (.text:xdc_runtime_Startup_getState__I)
                  00010f94    0000005b     rom_sysbios.aem3 : rom_sysbios.obj (.text:xdc_runtime_Text_putLab__E)
                  00010fef    00000001     --HOLE-- [fill = 0]
                  00010ff0    0000005a     cc2640_hci_xcxx.a : hci.o (.text)
                  0001104a    0000005a     cc2640_ll_xcxx.a : ll_common.o (.text)
                  000110a4    00000058     drivers_cc26x0r2.aem3 : GPTimerCC26XX.oem3 (.text:GPTimerCC26XX_stop)
                  000110fc    00000058     icall.obj (.text:ICall_wait)
                  00011154    00000058     drivers_cc26x0r2.aem3 : PINCC26XX.oem3 (.text:PIN_remove)
                  000111ac    00000058                           : UARTCC26XX.oem3 (.text:UARTCC26XX_control)
                  00011204    00000058     cc2640_ll_xcxx.a : ll.o (.text)
                  0001125c    00000058                      : ll_common.o (.text)
                  000112b4    00000058                      : ll_common.o (.text)
                  0001130c    00000058                      : ll_enc.o (.text)
                  00011364    00000058     cc26xx_gap_xcxx.a : gap_centdevmgr.o (.text)
                  000113bc    00000058     cc26xx_sm_xcxx.a : sm_intpairing.o (.text)
                  00011414    00000058     ble5_simple_central_cc2640r2lp_stack_library.lib : osal_snv_wrapper.obj (.text:findItem$29)
                  0001146c    00000058                                                      : gapbondmgr.obj (.text:gapBondMgrChangeState$32)
                  000114c4    00000058                                                      : gapbondmgr.obj (.text:gapBondMgrReadBonds$32)
                  0001151c    00000058                                                      : osal_cbtimer.obj (.text:osal_CbTimerStop)
                  00011574    00000056     cc2640_ll_xcxx.a : ll_common.o (.text)
                  000115ca    00000056     cc26xx_gap_xcxx.a : gap_centlinkmgr.o (.text)
                  00011620    00000056     cc26xx_sm_xcxx.a : sm_intpairing.o (.text)
                  00011676    00000002     app_ble_pem3.oem3 (.text:ti_sysbios_rom_cortexm_cc26xx_r2_CC26xx_badRomRevision__E)
                  00011678    00000054     ble5_simple_central_cc2640r2lp_stack_library.lib : gapbondmgr.obj (.text:GAPBondMgr_LinkTerm)
                  000116cc    00000054     cc2640_hci_xcxx.a : hci_event.o (.text)
                  00011720    00000054     cc2640_ll_xcxx.a : ll_common.o (.text)
                  00011774    00000054     cc26xx_gap_xcxx.a : linkdb.o (.text)
                  000117c8    00000054     cc26xx_gatt_xcxx.a : gatt_client.o (.text)
                  0001181c    00000054     cc26xx_profiles_xcxx.a : gattservapp.o (.text)
                  00011870    00000054     RFCC26XX_singleMode.obj (.text:hwiFxnHw$7)
                  000118c4    00000054     RFCC26XX_singleMode.obj (.text:ratChanFree$7)
[...]
20001f94  deviceFeatureSet                                                          
20001fcc  timerHead                                                                 
20001fd0  osal_last_timestamp                                                       
20001fd8  llTaskList                                                                
20001fe4  displayUartObject                                                         
20001ff0  PowerCC26XX_taskKey                                                       
20001ff4  PowerCC26XX_swiKey                                                        
20002008  linkCmd                                                                   
2000200c  linkParam                                                                 
20002010  scanInfo                                                                  
20002014  dtmInfo                                                                   
2000201c  clientInfoTbl                                                             
20002020  ClockP_tickPeriod                                                         
20002024  gPWM0                                                                     
20002028  tasksEvents                                                               
2000202c  trngCC26XXObjects                                                         
20002030  connInitialMaxTxTimeUncoded                                               
20002032  connInitialMaxTxTimeCoded                                                 
20002036  defaultPhy                                                                
20002037  hciTestTaskID                                                             
20002038  hciGapTaskID                                                              
20002039  hciL2capTaskID                                                            
2000203a  hciSmpTaskID                                                              
2000203b  hciTaskID                                                                 
2000203c  driverlib_release_0_48919                                                 
2000203d  g_hwiInt                                                                  
2000203e  icall_liteTaskId                                                          
2000203f  heapStart                                                                 
20004000  __stack                                                                   
20004000  heapEnd                                                                   
20004400  __STACK_END                                                               
20004400  __STACK_TOP                                                               
200044f8  RAM_BASE_ADDR                                                             
20004504  ROM_FlashJT                                                               
20004508  gapParameters                                                             
20004558  gapPeripheralCBs                                                          
20004564  gapPeripheralConnCBs                                                      
20004584  smResponderCBs                                                            
2000459c  slaveConnHandle                                                           
2000459e  nextHandle                                                                
200045a0  l2capMtuSize                                                              
200045a2  gapAppTaskID                                                              
200045a3  gapAdvAppTaskID                                                           
200045a4  gapUnwantedTaskID                                                         
200045a5  reqTaskId                                                                 
200045a6  gattAppTaskID                                                             
200045a7  appTaskID                                                                 
200045a8  flowCtrlTaskId                                                            
200045a9  SM_appTaskID                                                              
200047cc  wlTable                                                                   
200048a8  wlTableScan                                                               
20004988  rfObject                                                                  
20004a20  advCmd                                                                    
20004a68  localEccKeys                                                              
20004ae4  advDataEntry                                                              
20004b1c  l2capFixedChannels                                                        
20004b4c  linkCBs                                                                   
20004b7c  eccParams                                                                 
20004bac  initParam                                                                 
20004bd0  scanParam                                                                 
20004bf4  advParam                                                                  
20004c14  cryptoPRAND                                                               
20004c34  txModemTestCmd                                                            
20004c50  gapParams                                                                 
20004c6c  initCmd                                                                   
20004c84  connReqData                                                               
20004c9c  scanCmd                                                                   
20004cb4  scanOutput                                                                
20004ce4  rxModemTestCmd                                                            
20004cfc  rsp                                                                       
20004d14  fwParDtmCmd                                                               
20004d44  fwParRfCmd                                                                
20004d5c  connOutput                                                                
20004d70  rxTestParam                                                               
20004d84  initDataQueue                                                             
20004d94  scanDataQueue                                                             
20004da4  advDataQueue                                                              
20004db4  advOutput                                                                 
20004dc4  txTestParam                                                               
20004dd4  initOutput                                                                
20004de0  rxTestOut                                                                 
20004df8  cachedTRNGdata                                                            
20004e04  gapCurrentRandomAddr                                                      
20004e0c  slaveUpdateReq                                                            
20004e14  pBleEvtMask                                                               
20004e1c  pHciEvtMask                                                               
20004e24  pHciEvtMask2                                                              
20004e2c  ownPublicAddr                                                             
20004e34  ownRandomAddr                                                             
20004e3c  ownSavedPublicAddr                                                        
20004e44  fwImmedCmd                                                                
20004e4c  attServerNotifyTxCB                                                       
20004e50  rfEvent                                                                   
20004e58  fwParCmd                                                                  
20004e60  verInfo                                                                   
20004e68  llConns                                                                   
20004e70  fwParamImmedCmd                                                           
20004e78  privInfo                                                                  
20004e88  rxDataQ                                                                   
20004e8c  txDataQ                                                                   
20004e90  rxRingBuf                                                                 
20004e94  txTestOut                                                                 
20004e98  pGapDiscReq                                                               
20004e9c  pGapAdvertState                                                           
20004ea0  pEstLink                                                                  
20004ea4  pAuthLink                                                                 
20004ea8  pfnCentralConnCBs                                                         
20004eac  pfnPeripheralConnCBs                                                      
20004eb0  pGapAdvTokens                                                             
20004eb4  pGapAdData                                                                
20004eb8  pGapScanRspData                                                           
20004ebc  pfnPeripheralCBs                                                          
20004ec0  pfnCentralCBs                                                             
20004ec4  pfnBondMgrCBs                                                             
20004ec8  serverInfoTbl                                                             
20004ecc  pServiceList                                                              
20004ed0  pfnServerProcessMsgCB                                                     
20004ed4  pfnClientProcessMsgCB                                                     
20004ed8  prepareWritesTbl                                                          
20004edc  serviceCBsList                                                            
20004ee0  pAttrValue                                                                
20004ee4  l2capChannels                                                             
20004ee8  linkDB                                                                    
20004eec  rfHandle                                                                  
20004ef0  rfDrvTblPtr                                                               
20004ef4  eccDrvTblPtr                                                              
20004ef8  cryptoDrvTblPtr                                                           
20004efc  trngDrvTblPtr                                                             
20004f00  activeConns                                                               
20004f04  SysBootMsg                                                                
20004f08  sclkSrc                                                                   
20004f0c  buildInfo                                                                 
20004f10  advInfo                                                                   
20004f18  initInfo                                                                  
20004f20  taskEndAction                                                             
20004f24  encParams                                                                 
20004f28  encHandle                                                                 
20004f2c  encKey                                                                    
20004f30  pPairingParams                                                            
20004f34  pfnResponderCBs                                                           
20004f38  pfnInitiatorCBs                                                           
20004f3c  gapLimitedAdvertisingTimeout                                              
20004f3e  attrLen                                                                   
20004f40  numHostBufs                                                               
20004f42  rfCmdHandle                                                               
20004f44  connInitialMaxTxOctets                                                    
20004f46  connInitialMaxTxTime                                                      
20004f48  supportedMaxTxOctets                                                      
20004f4a  supportedMaxTxTime                                                        
20004f4c  supportedMaxRxOctets                                                      
20004f4e  supportedMaxRxTime                                                        
20004f50  taskEndStatus                                                             
20004f52  postRfOperations                                                          
20004f54  rfCfgAdiVal                                                               
20004f58  gapProfileRole                                                            
20004f59  gapDeviceAddrMode                                                         
20004f5a  gapState                                                                  
20004f5b  terminateAllTaskID                                                        
20004f5c  terminateReason                                                           
20004f5d  gapTaskID                                                                 
20004f5e  gattNumConns                                                              
20004f5f  gattTaskID                                                                
20004f60  GATTServApp_TaskID                                                        
20004f61  maxNumPrepareWrites                                                       
20004f62  hciPTMenabled                                                             
20004f63  ctrlToHostEnable                                                          
20004f64  l2capFlowCtrlMode                                                         
20004f65  l2capTaskID                                                               
20004f66  l2capNumChannels                                                          
20004f67  l2capNumDataPkts                                                          
20004f68  l2capId                                                                   
20004f69  linkDBNumConns                                                            
20004f6a  linkDB_secureConnectionOnlyMode                                           
20004f6b  maxPduSize                                                                
20004f6c  rfFeModeBias                                                              
20004f6d  maxNumTxDataBufs                                                          
20004f6e  LL_TaskID                                                                 
20004f6f  llState                                                                   
20004f70  rssiCorrection                                                            
20004f71  curTxPowerVal                                                             
20004f72  maxTxPwrForDTM                                                            
20004f73  onePktPerEvt                                                              
20004f74  numComplPkts                                                              
20004f75  numComplPktsLimit                                                         
20004f76  numComplPktsFlush                                                         
20004f77  fastTxRespTime                                                            
20004f78  slOverride                                                                
20004f79  rxFifoFlowCtrl                                                            
20004f7a  numTxDataBufs                                                             
20004f7b  maxNumConns                                                               
20004f7c  smTaskID                                                                  
20004f7d  SM_appExpectingKey                                                        
20004f80  ECC_DATA$$Base                                                            
20004f80  eccRom_param_Gx                                                           
20004f84  eccRom_param_Gy                                                           
20004f88  eccRom_workzone                                                           
20004f8c  eccRom_param_p                                                            
20004f90  eccRom_param_r                                                            
20004f94  eccRom_param_a                                                            
20004f98  eccRom_param_b                                                            
20004f9c  eccRom_windowSize                                                         
20004fa0  aux64                                                                     
20004fa8  MOD                                                                       
20004fac  LEN                                                                       
20004fb0  inScalar                                                                  
20004fb4  inPointX                                                                  
20004fb8  inPointY                                                                  
20004fbc  outPointX                                                                 
20004fc0  outPointY                                                                 
20004fc4  SCAL                                                                      
20004fc8  EXPX                                                                      
20004fcc  EXPY                                                                      
20004fd0  EXPZ                                                                      
20004fd4  EXPW                                                                      
20004fd8  ACCX                                                                      
20004fdc  ACCY                                                                      
20004fe0  ACCZ                                                                      
20004fe4  TMP1                                                                      
20004fe8  TMP2                                                                      
20004fec  TMP3                                                                      
20004ff0  TMP4                                                                      
20004ff4  TMP5                                                                      
20004ff8  TMP6                                                                      
20004ffc  MSBMOD                                                                    
20005000  ECC_DATA$$Limit                                                           
20005000  __UNUSED_SRAM_end__                                                       
e000e000  ti_sysbios_family_arm_m3_Hwi_nvic                                         
ffffffff  __TI_pprof_out_hndl                                                       
ffffffff  __TI_prof_data_size                                                       
ffffffff  __TI_prof_data_start                                                      
ffffffff  __binit__                                                                 
ffffffff  __c_args__                                                                
ffffffff  binit                                                                     
UNDEFED   SHT$$INIT_ARRAY$$Base                                                     
UNDEFED   SHT$$INIT_ARRAY$$Limit                                                    

[2381 symbols]
