******************************************************************************
                  TI ARM Linker PC v18.1.1                     
******************************************************************************
>> Linked Wed Jun  6 22:59:21 2018

OUTPUT FILE NAME:   <ble5_simple_central_cc2640r2lp_app.out>
ENTRY POINT SYMBOL: "ResetISR"  address: 000111dd


MEMORY CONFIGURATION

         name            origin    length      used     unused   attr    fill
----------------------  --------  ---------  --------  --------  ----  --------
  FLASH                 00000000   0001f000  00017444  00007bbc  R  X
  FLASH_LAST_PAGE       0001f000   00001000  00000058  00000fa8  R  X
  SRAM                  20000000   00004400  0000238f  00002071  RW X


SEGMENT ALLOCATION MAP

run origin  load origin   length   init length attrs members
----------  ----------- ---------- ----------- ----- -------
00000000    00000000    0001644c   0001644c    r-x
  00000000    00000000    0000003c   0000003c    r-- .resetVecs
  0000003c    0000003c    00000fc4   00000fc4    r-x .text.1
  00001000    00001000    00000028   00000028    r-- .const:ti_sysbios_heaps_HeapMem_Module__FXNS__C
  00001028    00001028    00000024   00000024    r-- .const:ti_sysbios_gates_GateHwi_Module__FXNS__C
  0000104c    0000104c    00000024   00000024    r-- .const:ti_sysbios_gates_GateMutex_Module__FXNS__C
  00001070    00001070    00000020   00000020    r-- .const:ti_sysbios_family_arm_m3_Hwi_Object__DESC__C
  00001090    00001090    00000020   00000020    r-- .const:ti_sysbios_gates_GateHwi_Object__DESC__C
  000010b0    000010b0    00000020   00000020    r-- .const:ti_sysbios_gates_GateMutex_Object__DESC__C
  000010d0    000010d0    00000020   00000020    r-- .const:ti_sysbios_hal_Hwi_Object__DESC__C
  000010f0    000010f0    00000020   00000020    r-- .const:ti_sysbios_heaps_HeapMem_Object__DESC__C
  00001110    00001110    00000020   00000020    r-- .const:ti_sysbios_knl_Clock_Object__DESC__C
  00001130    00001130    00000020   00000020    r-- .const:ti_sysbios_knl_Event_Object__DESC__C
  00001150    00001150    00000020   00000020    r-- .const:ti_sysbios_knl_Mailbox_Object__DESC__C
  00001170    00001170    00000020   00000020    r-- .const:ti_sysbios_knl_Queue_Object__DESC__C
  00001190    00001190    00000020   00000020    r-- .const:ti_sysbios_knl_Semaphore_Object__DESC__C
  000011b0    000011b0    00000020   00000020    r-- .const:ti_sysbios_knl_Swi_Object__DESC__C
  000011d0    000011d0    00000020   00000020    r-- .const:ti_sysbios_knl_Task_Object__DESC__C
  000011f0    000011f0    00000008   00000008    r-- .const:ti_sysbios_knl_Idle_funcList__C
  000011f8    000011f8    00000004   00000004    r-- .const:ti_sysbios_family_arm_cc26xx_Timer_startupNeeded__C
  000011fc    000011fc    00000004   00000004    r-- .const:ti_sysbios_family_arm_m3_Hwi_E_alreadyDefined__C
  00001200    00001200    00000004   00000004    r-- .const:ti_sysbios_family_arm_m3_Hwi_E_hwiLimitExceeded__C
  00001204    00001204    00000004   00000004    r-- .const:ti_sysbios_family_arm_m3_Hwi_NUM_INTERRUPTS__C
  00001208    00001208    00000004   00000004    r-- .const:ti_sysbios_family_arm_m3_Hwi_Object__count__C
  0000120c    0000120c    00000004   00000004    r-- .const:ti_sysbios_family_arm_m3_Hwi_Object__table__C
  00001210    00001210    00000004   00000004    r-- .const:ti_sysbios_family_arm_m3_Hwi_ccr__C
  00001214    00001214    00000004   00000004    r-- .const:ti_sysbios_family_arm_m3_Hwi_excHandlerFunc__C
  00001218    00001218    00000004   00000004    r-- .const:ti_sysbios_family_arm_m3_Hwi_nullIsrFunc__C
  0000121c    0000121c    00000004   00000004    r-- .const:ti_sysbios_family_arm_m3_Hwi_numSparseInterrupts__C
  00001220    00001220    00000004   00000004    r-- .const:ti_sysbios_family_arm_m3_Hwi_priGroup__C
  00001224    00001224    00000004   00000004    r-- .const:ti_sysbios_family_arm_m3_TaskSupport_stackAlignment__C
  00001228    00001228    00000004   00000004    r-- .const:ti_sysbios_heaps_HeapMem_E_memory__C
  0000122c    0000122c    00000004   00000004    r-- .const:ti_sysbios_heaps_HeapMem_Module__gateObj__C
  00001230    00001230    00000004   00000004    r-- .const:ti_sysbios_heaps_HeapMem_Object__count__C
  00001234    00001234    00000004   00000004    r-- .const:ti_sysbios_heaps_HeapMem_Object__table__C
  00001238    00001238    00000004   00000004    r-- .const:ti_sysbios_heaps_HeapMem_reqAlign__C
  0000123c    0000123c    00000004   00000004    r-- .const:ti_sysbios_knl_Clock_triggerClock__C
  00001240    00001240    00000004   00000004    r-- .const:ti_sysbios_knl_Mailbox_Object__count__C
  00001244    00001244    00000004   00000004    r-- .const:ti_sysbios_knl_Mailbox_Object__table__C
  00001248    00001248    00000004   00000004    r-- .const:ti_sysbios_knl_Mailbox_maxTypeAlign__C
  0000124c    0000124c    00000004   00000004    r-- .const:ti_sysbios_knl_Queue_Object__count__C
  00001250    00001250    00000004   00000004    r-- .const:ti_sysbios_knl_Queue_Object__table__C
  00001254    00001254    00000004   00000004    r-- .const:ti_sysbios_knl_Semaphore_eventPost__C
  00001258    00001258    00000004   00000004    r-- .const:ti_sysbios_knl_Semaphore_eventSync__C
  0000125c    0000125c    00000004   00000004    r-- .const:ti_sysbios_knl_Swi_Object__count__C
  00001260    00001260    00000004   00000004    r-- .const:ti_sysbios_knl_Swi_Object__table__C
  00001264    00001264    00000004   00000004    r-- .const:ti_sysbios_knl_Swi_numPriorities__C
  00001268    00001268    00000004   00000004    r-- .const:ti_sysbios_knl_Task_Object__count__C
  0000126c    0000126c    00000004   00000004    r-- .const:ti_sysbios_knl_Task_Object__table__C
  00001270    00001270    00000004   00000004    r-- .const:ti_sysbios_knl_Task_allBlockedFunc__C
  00001274    00001274    00000004   00000004    r-- .const:ti_sysbios_knl_Task_defaultStackHeap__C
  00001278    00001278    00000004   00000004    r-- .const:ti_sysbios_knl_Task_defaultStackSize__C
  0000127c    0000127c    00000004   00000004    r-- .const:ti_sysbios_knl_Task_numConstructedTasks__C
  00001280    00001280    00000002   00000002    r-- .const:ti_sysbios_family_arm_cc26xx_Timer_Module__id__C
  00001282    00001282    00000002   00000002    r-- .const:ti_sysbios_family_arm_cc26xx_TimestampProvider_useClockTimer__C
  00001284    00001284    00000002   00000002    r-- .const:ti_sysbios_family_arm_m3_Hwi_Module__id__C
  00001286    00001286    00000002   00000002    r-- .const:ti_sysbios_gates_GateHwi_Module__id__C
  00001288    00001288    00000002   00000002    r-- .const:ti_sysbios_gates_GateMutex_Module__id__C
  0000128a    0000128a    00000002   00000002    r-- .const:ti_sysbios_heaps_HeapMem_Module__id__C
  0000128c    0000128c    00000002   00000002    r-- .const:ti_sysbios_knl_Task_initStackFlag__C
  0000128e    0000128e    00000001   00000001    r-- .const:ti_sysbios_knl_Clock_tickMode__C
  00001290    00001290    00000008   00000008    r-- .const:xdc_runtime_Startup_firstFxns__C
  00001298    00001298    00000008   00000008    r-- .const:xdc_runtime_Startup_lastFxns__C
  000012a0    000012a0    00000004   00000004    r-- .const:xdc_runtime_Assert_E_assertFailed__C
  000012a4    000012a4    00000004   00000004    r-- .const:xdc_runtime_Error_E_memory__C
  000012a8    000012a8    00000004   00000004    r-- .const:xdc_runtime_Error_policyFxn__C
  000012ac    000012ac    00000004   00000004    r-- .const:xdc_runtime_Error_raiseHook__C
  000012b0    000012b0    00000004   00000004    r-- .const:xdc_runtime_IGateProvider_Interface__BASE__C
  000012b4    000012b4    00000004   00000004    r-- .const:xdc_runtime_IHeap_Interface__BASE__C
  000012b8    000012b8    00000004   00000004    r-- .const:xdc_runtime_IModule_Interface__BASE__C
  000012bc    000012bc    00000004   00000004    r-- .const:xdc_runtime_Memory_defaultHeapInstance__C
  000012c0    000012c0    00000004   00000004    r-- .const:xdc_runtime_Startup_execImpl__C
  000012c4    000012c4    00000004   00000004    r-- .const:xdc_runtime_Startup_maxPasses__C
  000012c8    000012c8    00000004   00000004    r-- .const:xdc_runtime_Startup_sfxnRts__C
  000012cc    000012cc    00000004   00000004    r-- .const:xdc_runtime_Startup_sfxnTab__C
  000012d0    000012d0    00000004   00000004    r-- .const:xdc_runtime_Startup_startModsFxn__C
  000012d4    000012d4    00000004   00000004    r-- .const:xdc_runtime_SysCallback_abortFxn__C
  000012d8    000012d8    00000004   00000004    r-- .const:xdc_runtime_SysCallback_exitFxn__C
  000012dc    000012dc    00000004   00000004    r-- .const:xdc_runtime_System_abortFxn__C
  000012e0    000012e0    00000004   00000004    r-- .const:xdc_runtime_System_exitFxn__C
  000012e4    000012e4    00000004   00000004    r-- .const:xdc_runtime_System_maxAtexitHandlers__C
  000012e8    000012e8    00000004   00000004    r-- .const:xdc_runtime_Text_charTab__C
  000012ec    000012ec    00000004   00000004    r-- .const:xdc_runtime_Text_nameEmpty__C
  000012f0    000012f0    00000004   00000004    r-- .const:xdc_runtime_Text_nameStatic__C
  000012f4    000012f4    00000004   00000004    r-- .const:xdc_runtime_Text_nameUnknown__C
  000012f8    000012f8    00000002   00000002    r-- .const:xdc_runtime_Error_maxDepth__C
  000012fa    000012fa    00000002   00000002    r-- .const:xdc_runtime_Memory_Module__id__C
  000012fc    000012fc    00000002   00000002    r-- .const:xdc_runtime_Text_charCnt__C
  000012fe    000012fe    00000002   00000002    r-- .const:xdc_runtime_Text_isLoaded__C
  00001300    00001300    00000001   00000001    r-- .const:xdc_runtime_Error_policy__C
  00001304    00001304    00000004   00000004    r-- .const:ti_sysbios_rom_ROM_ti_sysbios_family_arm_cc26xx_Timer_getCount64__E
  00001308    00001308    00000004   00000004    r-- .const:ti_sysbios_rom_ROM_ti_sysbios_family_arm_cc26xx_Timer_getCurrentTick__E
  0000130c    0000130c    00000004   00000004    r-- .const:ti_sysbios_rom_ROM_ti_sysbios_family_arm_cc26xx_Timer_getMaxTicks__E
  00001310    00001310    00000004   00000004    r-- .const:ti_sysbios_rom_ROM_ti_sysbios_family_arm_cc26xx_Timer_initDevice__I
  00001314    00001314    00000004   00000004    r-- .const:ti_sysbios_rom_ROM_ti_sysbios_family_arm_cc26xx_Timer_setNextTick__E
  00001318    00001318    00000004   00000004    r-- .const:ti_sysbios_rom_ROM_ti_sysbios_family_arm_cc26xx_Timer_setThreshold__I
  0000131c    0000131c    00000004   00000004    r-- .const:ti_sysbios_rom_ROM_ti_sysbios_family_arm_cc26xx_Timer_start__E
  00001320    00001320    00000004   00000004    r-- .const:ti_sysbios_rom_ROM_ti_sysbios_family_arm_cc26xx_TimestampProvider_get32__E
  00001324    00001324    00000004   00000004    r-- .const:ti_sysbios_rom_ROM_xdc_runtime_Startup_getState__I
  00001328    00001328    00000004   00000004    r-- .const:ti_sysbios_rom_ROM_xdc_runtime_System_SupportProxy_abort__E
  0000132c    0000132c    00000004   00000004    r-- .const:ti_sysbios_rom_ROM_xdc_runtime_System_SupportProxy_exit__E
  00001330    00001330    00013c9c   00013c9c    r-x .text.2
  00014fcc    00014fcc    00001040   00001040    r-- .const
  0001600c    0001600c    000000b0   000000b0    r-- .rodata
  000160c0    000160c0    0000038c   0000038c    r-- .cinit
0001e000    0001e000    00001000   00001000    r--
  0001e000    0001e000    00001000   00001000    r-- .TI.bound:NV_FLASH
0001ffa8    0001ffa8    00000058   00000058    r--
  0001ffa8    0001ffa8    00000058   00000058    r-- .ccfg
20000100    20000100    00001ec9   00000000    rw-
  20000100    20000100    00000044   00000000    rw- .data:ti_sysbios_knl_Task_Module__state__V
  20000144    20000144    00000034   00000000    rw- .data:ti_sysbios_family_arm_m3_Hwi_Module__state__V
  20000178    20000178    0000002c   00000000    rw- .data:ti_sysbios_knl_Clock_Module__state__V
  200001a4    200001a4    00000024   00000000    rw- .data:ti_sysbios_BIOS_Module__state__V
  200001c8    200001c8    0000001c   00000000    rw- .data:ti_sysbios_knl_Swi_Module__state__V
  200001e4    200001e4    00000008   00000000    rw- .data:ti_sysbios_family_arm_cc26xx_Timer_Module__state__V
  200001ec    200001ec    00000004   00000000    rw- .data:ti_sysbios_family_arm_cc26xx_TimestampProvider_Module__state__V
  200001f0    200001f0    00000008   00000000    rw- .data:xdc_runtime_Startup_Module__state__V
  200001f8    200001f8    00000008   00000000    rw- .data:xdc_runtime_System_Module__state__V
  20000200    20000200    00000004   00000000    rw- .data:xdc_runtime_Memory_Module__state__V
  20000204    20000204    00000002   00000000    rw- .data:xdc_runtime_Error_Module__state__V
  20000208    20000208    000011a4   00000000    rw- .data
  200013b0    200013b0    00000c19   00000000    rw- .bss
20004000    20004000    00000400   00000000    rw-
  20004000    20004000    00000400   00000000    rw- .stack


SECTION ALLOCATION MAP

 output                                  attributes/
section   page    origin      length       input sections
--------  ----  ----------  ----------   ----------------
.const:ti_sysbios_heaps_HeapMem_Module__FXNS__C 
*          0    00001000    00000028     
                  00001000    00000028     app_ble_pem3.oem3 (.const:ti_sysbios_heaps_HeapMem_Module__FXNS__C)

.const:ti_sysbios_gates_GateHwi_Module__FXNS__C 
*          0    00001028    00000024     
                  00001028    00000024     app_ble_pem3.oem3 (.const:ti_sysbios_gates_GateHwi_Module__FXNS__C)

.const:ti_sysbios_gates_GateMutex_Module__FXNS__C 
*          0    0000104c    00000024     
                  0000104c    00000024     app_ble_pem3.oem3 (.const:ti_sysbios_gates_GateMutex_Module__FXNS__C)

.const:ti_sysbios_family_arm_m3_Hwi_Object__DESC__C 
*          0    00001070    00000020     
                  00001070    00000020     app_ble_pem3.oem3 (.const:ti_sysbios_family_arm_m3_Hwi_Object__DESC__C)

.const:ti_sysbios_gates_GateHwi_Object__DESC__C 
*          0    00001090    00000020     
                  00001090    00000020     app_ble_pem3.oem3 (.const:ti_sysbios_gates_GateHwi_Object__DESC__C)

.const:ti_sysbios_gates_GateMutex_Object__DESC__C 
*          0    000010b0    00000020     
                  000010b0    00000020     app_ble_pem3.oem3 (.const:ti_sysbios_gates_GateMutex_Object__DESC__C)

.const:ti_sysbios_hal_Hwi_Object__DESC__C 
*          0    000010d0    00000020     
                  000010d0    00000020     app_ble_pem3.oem3 (.const:ti_sysbios_hal_Hwi_Object__DESC__C)

.const:ti_sysbios_heaps_HeapMem_Object__DESC__C 
*          0    000010f0    00000020     
                  000010f0    00000020     app_ble_pem3.oem3 (.const:ti_sysbios_heaps_HeapMem_Object__DESC__C)

.const:ti_sysbios_knl_Clock_Object__DESC__C 
*          0    00001110    00000020     
                  00001110    00000020     app_ble_pem3.oem3 (.const:ti_sysbios_knl_Clock_Object__DESC__C)

.const:ti_sysbios_knl_Event_Object__DESC__C 
*          0    00001130    00000020     
                  00001130    00000020     app_ble_pem3.oem3 (.const:ti_sysbios_knl_Event_Object__DESC__C)

.const:ti_sysbios_knl_Mailbox_Object__DESC__C 
*          0    00001150    00000020     
                  00001150    00000020     app_ble_pem3.oem3 (.const:ti_sysbios_knl_Mailbox_Object__DESC__C)

.const:ti_sysbios_knl_Queue_Object__DESC__C 
*          0    00001170    00000020     
                  00001170    00000020     app_ble_pem3.oem3 (.const:ti_sysbios_knl_Queue_Object__DESC__C)

.const:ti_sysbios_knl_Semaphore_Object__DESC__C 
*          0    00001190    00000020     
                  00001190    00000020     app_ble_pem3.oem3 (.const:ti_sysbios_knl_Semaphore_Object__DESC__C)

.const:ti_sysbios_knl_Swi_Object__DESC__C 
*          0    000011b0    00000020     
                  000011b0    00000020     app_ble_pem3.oem3 (.const:ti_sysbios_knl_Swi_Object__DESC__C)

.const:ti_sysbios_knl_Task_Object__DESC__C 
*          0    000011d0    00000020     
                  000011d0    00000020     app_ble_pem3.oem3 (.const:ti_sysbios_knl_Task_Object__DESC__C)

.const:ti_sysbios_knl_Idle_funcList__C 
*          0    000011f0    00000008     
                  000011f0    00000008     app_ble_pem3.oem3 (.const:ti_sysbios_knl_Idle_funcList__C)

.const:ti_sysbios_family_arm_cc26xx_Timer_startupNeeded__C 
*          0    000011f8    00000004     
                  000011f8    00000004     app_ble_pem3.oem3 (.const:ti_sysbios_family_arm_cc26xx_Timer_startupNeeded__C)

.const:ti_sysbios_family_arm_m3_Hwi_E_alreadyDefined__C 
*          0    000011fc    00000004     
                  000011fc    00000004     app_ble_pem3.oem3 (.const:ti_sysbios_family_arm_m3_Hwi_E_alreadyDefined__C)

.const:ti_sysbios_family_arm_m3_Hwi_E_hwiLimitExceeded__C 
*          0    00001200    00000004     
                  00001200    00000004     app_ble_pem3.oem3 (.const:ti_sysbios_family_arm_m3_Hwi_E_hwiLimitExceeded__C)

.const:ti_sysbios_family_arm_m3_Hwi_NUM_INTERRUPTS__C 
*          0    00001204    00000004     
                  00001204    00000004     app_ble_pem3.oem3 (.const:ti_sysbios_family_arm_m3_Hwi_NUM_INTERRUPTS__C)

.const:ti_sysbios_family_arm_m3_Hwi_Object__count__C 
*          0    00001208    00000004     
                  00001208    00000004     app_ble_pem3.oem3 (.const:ti_sysbios_family_arm_m3_Hwi_Object__count__C)

.const:ti_sysbios_family_arm_m3_Hwi_Object__table__C 
*          0    0000120c    00000004     
                  0000120c    00000004     app_ble_pem3.oem3 (.const:ti_sysbios_family_arm_m3_Hwi_Object__table__C)

.const:ti_sysbios_family_arm_m3_Hwi_ccr__C 
*          0    00001210    00000004     
                  00001210    00000004     app_ble_pem3.oem3 (.const:ti_sysbios_family_arm_m3_Hwi_ccr__C)

.const:ti_sysbios_family_arm_m3_Hwi_excHandlerFunc__C 
*          0    00001214    00000004     
                  00001214    00000004     app_ble_pem3.oem3 (.const:ti_sysbios_family_arm_m3_Hwi_excHandlerFunc__C)

.const:ti_sysbios_family_arm_m3_Hwi_nullIsrFunc__C 
*          0    00001218    00000004     
                  00001218    00000004     app_ble_pem3.oem3 (.const:ti_sysbios_family_arm_m3_Hwi_nullIsrFunc__C)

.const:ti_sysbios_family_arm_m3_Hwi_numSparseInterrupts__C 
*          0    0000121c    00000004     
                  0000121c    00000004     app_ble_pem3.oem3 (.const:ti_sysbios_family_arm_m3_Hwi_numSparseInterrupts__C)

.const:ti_sysbios_family_arm_m3_Hwi_priGroup__C 
*          0    00001220    00000004     
                  00001220    00000004     app_ble_pem3.oem3 (.const:ti_sysbios_family_arm_m3_Hwi_priGroup__C)

.const:ti_sysbios_family_arm_m3_TaskSupport_stackAlignment__C 
*          0    00001224    00000004     
                  00001224    00000004     app_ble_pem3.oem3 (.const:ti_sysbios_family_arm_m3_TaskSupport_stackAlignment__C)

.const:ti_sysbios_heaps_HeapMem_E_memory__C 
*          0    00001228    00000004     
                  00001228    00000004     app_ble_pem3.oem3 (.const:ti_sysbios_heaps_HeapMem_E_memory__C)

.const:ti_sysbios_heaps_HeapMem_Module__gateObj__C 
*          0    0000122c    00000004     
                  0000122c    00000004     app_ble_pem3.oem3 (.const:ti_sysbios_heaps_HeapMem_Module__gateObj__C)

.const:ti_sysbios_heaps_HeapMem_Object__count__C 
*          0    00001230    00000004     
                  00001230    00000004     app_ble_pem3.oem3 (.const:ti_sysbios_heaps_HeapMem_Object__count__C)

.const:ti_sysbios_heaps_HeapMem_Object__table__C 
*          0    00001234    00000004     
                  00001234    00000004     app_ble_pem3.oem3 (.const:ti_sysbios_heaps_HeapMem_Object__table__C)

.const:ti_sysbios_heaps_HeapMem_reqAlign__C 
*          0    00001238    00000004     
                  00001238    00000004     app_ble_pem3.oem3 (.const:ti_sysbios_heaps_HeapMem_reqAlign__C)

.const:ti_sysbios_knl_Clock_triggerClock__C 
*          0    0000123c    00000004     
                  0000123c    00000004     app_ble_pem3.oem3 (.const:ti_sysbios_knl_Clock_triggerClock__C)

.const:ti_sysbios_knl_Mailbox_Object__count__C 
*          0    00001240    00000004     
                  00001240    00000004     app_ble_pem3.oem3 (.const:ti_sysbios_knl_Mailbox_Object__count__C)

.const:ti_sysbios_knl_Mailbox_Object__table__C 
*          0    00001244    00000004     
                  00001244    00000004     app_ble_pem3.oem3 (.const:ti_sysbios_knl_Mailbox_Object__table__C)

.const:ti_sysbios_knl_Mailbox_maxTypeAlign__C 
*          0    00001248    00000004     
                  00001248    00000004     app_ble_pem3.oem3 (.const:ti_sysbios_knl_Mailbox_maxTypeAlign__C)

.const:ti_sysbios_knl_Queue_Object__count__C 
*          0    0000124c    00000004     
                  0000124c    00000004     app_ble_pem3.oem3 (.const:ti_sysbios_knl_Queue_Object__count__C)

.const:ti_sysbios_knl_Queue_Object__table__C 
*          0    00001250    00000004     
                  00001250    00000004     app_ble_pem3.oem3 (.const:ti_sysbios_knl_Queue_Object__table__C)

.const:ti_sysbios_knl_Semaphore_eventPost__C 
*          0    00001254    00000004     
                  00001254    00000004     app_ble_pem3.oem3 (.const:ti_sysbios_knl_Semaphore_eventPost__C)

.const:ti_sysbios_knl_Semaphore_eventSync__C 
*          0    00001258    00000004     
                  00001258    00000004     app_ble_pem3.oem3 (.const:ti_sysbios_knl_Semaphore_eventSync__C)

.const:ti_sysbios_knl_Swi_Object__count__C 
*          0    0000125c    00000004     
                  0000125c    00000004     app_ble_pem3.oem3 (.const:ti_sysbios_knl_Swi_Object__count__C)

.const:ti_sysbios_knl_Swi_Object__table__C 
*          0    00001260    00000004     
                  00001260    00000004     app_ble_pem3.oem3 (.const:ti_sysbios_knl_Swi_Object__table__C)

.const:ti_sysbios_knl_Swi_numPriorities__C 
*          0    00001264    00000004     
                  00001264    00000004     app_ble_pem3.oem3 (.const:ti_sysbios_knl_Swi_numPriorities__C)

.const:ti_sysbios_knl_Task_Object__count__C 
*          0    00001268    00000004     
                  00001268    00000004     app_ble_pem3.oem3 (.const:ti_sysbios_knl_Task_Object__count__C)

.const:ti_sysbios_knl_Task_Object__table__C 
*          0    0000126c    00000004     
                  0000126c    00000004     app_ble_pem3.oem3 (.const:ti_sysbios_knl_Task_Object__table__C)

.const:ti_sysbios_knl_Task_allBlockedFunc__C 
*          0    00001270    00000004     
                  00001270    00000004     app_ble_pem3.oem3 (.const:ti_sysbios_knl_Task_allBlockedFunc__C)

.const:ti_sysbios_knl_Task_defaultStackHeap__C 
*          0    00001274    00000004     
                  00001274    00000004     app_ble_pem3.oem3 (.const:ti_sysbios_knl_Task_defaultStackHeap__C)

.const:ti_sysbios_knl_Task_defaultStackSize__C 
*          0    00001278    00000004     
                  00001278    00000004     app_ble_pem3.oem3 (.const:ti_sysbios_knl_Task_defaultStackSize__C)

.const:ti_sysbios_knl_Task_numConstructedTasks__C 
*          0    0000127c    00000004     
                  0000127c    00000004     app_ble_pem3.oem3 (.const:ti_sysbios_knl_Task_numConstructedTasks__C)

.const:ti_sysbios_family_arm_cc26xx_Timer_Module__id__C 
*          0    00001280    00000002     
                  00001280    00000002     app_ble_pem3.oem3 (.const:ti_sysbios_family_arm_cc26xx_Timer_Module__id__C)

.const:ti_sysbios_family_arm_cc26xx_TimestampProvider_useClockTimer__C 
*          0    00001282    00000002     
                  00001282    00000002     app_ble_pem3.oem3 (.const:ti_sysbios_family_arm_cc26xx_TimestampProvider_useClockTimer__C)

.const:ti_sysbios_family_arm_m3_Hwi_Module__id__C 
*          0    00001284    00000002     
                  00001284    00000002     app_ble_pem3.oem3 (.const:ti_sysbios_family_arm_m3_Hwi_Module__id__C)

.const:ti_sysbios_gates_GateHwi_Module__id__C 
*          0    00001286    00000002     
                  00001286    00000002     app_ble_pem3.oem3 (.const:ti_sysbios_gates_GateHwi_Module__id__C)

.const:ti_sysbios_gates_GateMutex_Module__id__C 
*          0    00001288    00000002     
                  00001288    00000002     app_ble_pem3.oem3 (.const:ti_sysbios_gates_GateMutex_Module__id__C)

.const:ti_sysbios_heaps_HeapMem_Module__id__C 
*          0    0000128a    00000002     
                  0000128a    00000002     app_ble_pem3.oem3 (.const:ti_sysbios_heaps_HeapMem_Module__id__C)

.const:ti_sysbios_knl_Task_initStackFlag__C 
*          0    0000128c    00000002     
                  0000128c    00000002     app_ble_pem3.oem3 (.const:ti_sysbios_knl_Task_initStackFlag__C)

.const:ti_sysbios_knl_Clock_tickMode__C 
*          0    0000128e    00000001     
                  0000128e    00000001     app_ble_pem3.oem3 (.const:ti_sysbios_knl_Clock_tickMode__C)

.const:xdc_runtime_Startup_firstFxns__C 
*          0    00001290    00000008     
                  00001290    00000008     app_ble_pem3.oem3 (.const:xdc_runtime_Startup_firstFxns__C)

.const:xdc_runtime_Startup_lastFxns__C 
*          0    00001298    00000008     
                  00001298    00000008     app_ble_pem3.oem3 (.const:xdc_runtime_Startup_lastFxns__C)

.const:xdc_runtime_Assert_E_assertFailed__C 
*          0    000012a0    00000004     
                  000012a0    00000004     app_ble_pem3.oem3 (.const:xdc_runtime_Assert_E_assertFailed__C)

.const:xdc_runtime_Error_E_memory__C 
*          0    000012a4    00000004     
                  000012a4    00000004     app_ble_pem3.oem3 (.const:xdc_runtime_Error_E_memory__C)

.const:xdc_runtime_Error_policyFxn__C 
*          0    000012a8    00000004     
                  000012a8    00000004     app_ble_pem3.oem3 (.const:xdc_runtime_Error_policyFxn__C)

.const:xdc_runtime_Error_raiseHook__C 
*          0    000012ac    00000004     
                  000012ac    00000004     app_ble_pem3.oem3 (.const:xdc_runtime_Error_raiseHook__C)

.const:xdc_runtime_IGateProvider_Interface__BASE__C 
*          0    000012b0    00000004     
                  000012b0    00000004     app_ble_pem3.oem3 (.const:xdc_runtime_IGateProvider_Interface__BASE__C)

.const:xdc_runtime_IHeap_Interface__BASE__C 
*          0    000012b4    00000004     
                  000012b4    00000004     app_ble_pem3.oem3 (.const:xdc_runtime_IHeap_Interface__BASE__C)

.const:xdc_runtime_IModule_Interface__BASE__C 
*          0    000012b8    00000004     
                  000012b8    00000004     app_ble_pem3.oem3 (.const:xdc_runtime_IModule_Interface__BASE__C)

.const:xdc_runtime_Memory_defaultHeapInstance__C 
*          0    000012bc    00000004     
                  000012bc    00000004     app_ble_pem3.oem3 (.const:xdc_runtime_Memory_defaultHeapInstance__C)

.const:xdc_runtime_Startup_execImpl__C 
*          0    000012c0    00000004     
                  000012c0    00000004     app_ble_pem3.oem3 (.const:xdc_runtime_Startup_execImpl__C)

.const:xdc_runtime_Startup_maxPasses__C 
*          0    000012c4    00000004     
                  000012c4    00000004     app_ble_pem3.oem3 (.const:xdc_runtime_Startup_maxPasses__C)

.const:xdc_runtime_Startup_sfxnRts__C 
*          0    000012c8    00000004     
                  000012c8    00000004     app_ble_pem3.oem3 (.const:xdc_runtime_Startup_sfxnRts__C)

.const:xdc_runtime_Startup_sfxnTab__C 
*          0    000012cc    00000004     
                  000012cc    00000004     app_ble_pem3.oem3 (.const:xdc_runtime_Startup_sfxnTab__C)

.const:xdc_runtime_Startup_startModsFxn__C 
*          0    000012d0    00000004     
                  000012d0    00000004     app_ble_pem3.oem3 (.const:xdc_runtime_Startup_startModsFxn__C)

.const:xdc_runtime_SysCallback_abortFxn__C 
*          0    000012d4    00000004     
                  000012d4    00000004     app_ble_pem3.oem3 (.const:xdc_runtime_SysCallback_abortFxn__C)

.const:xdc_runtime_SysCallback_exitFxn__C 
*          0    000012d8    00000004     
                  000012d8    00000004     app_ble_pem3.oem3 (.const:xdc_runtime_SysCallback_exitFxn__C)

.const:xdc_runtime_System_abortFxn__C 
*          0    000012dc    00000004     
                  000012dc    00000004     app_ble_pem3.oem3 (.const:xdc_runtime_System_abortFxn__C)

.const:xdc_runtime_System_exitFxn__C 
*          0    000012e0    00000004     
                  000012e0    00000004     app_ble_pem3.oem3 (.const:xdc_runtime_System_exitFxn__C)

.const:xdc_runtime_System_maxAtexitHandlers__C 
*          0    000012e4    00000004     
                  000012e4    00000004     app_ble_pem3.oem3 (.const:xdc_runtime_System_maxAtexitHandlers__C)

.const:xdc_runtime_Text_charTab__C 
*          0    000012e8    00000004     
                  000012e8    00000004     app_ble_pem3.oem3 (.const:xdc_runtime_Text_charTab__C)

.const:xdc_runtime_Text_nameEmpty__C 
*          0    000012ec    00000004     
                  000012ec    00000004     app_ble_pem3.oem3 (.const:xdc_runtime_Text_nameEmpty__C)

.const:xdc_runtime_Text_nameStatic__C 
*          0    000012f0    00000004     
                  000012f0    00000004     app_ble_pem3.oem3 (.const:xdc_runtime_Text_nameStatic__C)

.const:xdc_runtime_Text_nameUnknown__C 
*          0    000012f4    00000004     
                  000012f4    00000004     app_ble_pem3.oem3 (.const:xdc_runtime_Text_nameUnknown__C)

.const:xdc_runtime_Error_maxDepth__C 
*          0    000012f8    00000002     
                  000012f8    00000002     app_ble_pem3.oem3 (.const:xdc_runtime_Error_maxDepth__C)

.const:xdc_runtime_Memory_Module__id__C 
*          0    000012fa    00000002     
                  000012fa    00000002     app_ble_pem3.oem3 (.const:xdc_runtime_Memory_Module__id__C)

.const:xdc_runtime_Text_charCnt__C 
*          0    000012fc    00000002     
                  000012fc    00000002     app_ble_pem3.oem3 (.const:xdc_runtime_Text_charCnt__C)

.const:xdc_runtime_Text_isLoaded__C 
*          0    000012fe    00000002     
                  000012fe    00000002     app_ble_pem3.oem3 (.const:xdc_runtime_Text_isLoaded__C)

.const:xdc_runtime_Error_policy__C 
*          0    00001300    00000001     
                  00001300    00000001     app_ble_pem3.oem3 (.const:xdc_runtime_Error_policy__C)

.const:ti_sysbios_rom_ROM_ti_sysbios_family_arm_cc26xx_Timer_getCount64__E 
*          0    00001304    00000004     
                  00001304    00000004     app_ble_pem3.oem3 (.const:ti_sysbios_rom_ROM_ti_sysbios_family_arm_cc26xx_Timer_getCount64__E)

.const:ti_sysbios_rom_ROM_ti_sysbios_family_arm_cc26xx_Timer_getCurrentTick__E 
*          0    00001308    00000004     
                  00001308    00000004     app_ble_pem3.oem3 (.const:ti_sysbios_rom_ROM_ti_sysbios_family_arm_cc26xx_Timer_getCurrentTick__E)

.const:ti_sysbios_rom_ROM_ti_sysbios_family_arm_cc26xx_Timer_getMaxTicks__E 
*          0    0000130c    00000004     
                  0000130c    00000004     app_ble_pem3.oem3 (.const:ti_sysbios_rom_ROM_ti_sysbios_family_arm_cc26xx_Timer_getMaxTicks__E)

.const:ti_sysbios_rom_ROM_ti_sysbios_family_arm_cc26xx_Timer_initDevice__I 
*          0    00001310    00000004     
                  00001310    00000004     app_ble_pem3.oem3 (.const:ti_sysbios_rom_ROM_ti_sysbios_family_arm_cc26xx_Timer_initDevice__I)

.const:ti_sysbios_rom_ROM_ti_sysbios_family_arm_cc26xx_Timer_setNextTick__E 
*          0    00001314    00000004     
                  00001314    00000004     app_ble_pem3.oem3 (.const:ti_sysbios_rom_ROM_ti_sysbios_family_arm_cc26xx_Timer_setNextTick__E)

.const:ti_sysbios_rom_ROM_ti_sysbios_family_arm_cc26xx_Timer_setThreshold__I 
*          0    00001318    00000004     
                  00001318    00000004     app_ble_pem3.oem3 (.const:ti_sysbios_rom_ROM_ti_sysbios_family_arm_cc26xx_Timer_setThreshold__I)

.const:ti_sysbios_rom_ROM_ti_sysbios_family_arm_cc26xx_Timer_start__E 
*          0    0000131c    00000004     
                  0000131c    00000004     app_ble_pem3.oem3 (.const:ti_sysbios_rom_ROM_ti_sysbios_family_arm_cc26xx_Timer_start__E)

.const:ti_sysbios_rom_ROM_ti_sysbios_family_arm_cc26xx_TimestampProvider_get32__E 
*          0    00001320    00000004     
                  00001320    00000004     app_ble_pem3.oem3 (.const:ti_sysbios_rom_ROM_ti_sysbios_family_arm_cc26xx_TimestampProvider_get32__E)

.const:ti_sysbios_rom_ROM_xdc_runtime_Startup_getState__I 
*          0    00001324    00000004     
                  00001324    00000004     app_ble_pem3.oem3 (.const:ti_sysbios_rom_ROM_xdc_runtime_Startup_getState__I)

.const:ti_sysbios_rom_ROM_xdc_runtime_System_SupportProxy_abort__E 
*          0    00001328    00000004     
                  00001328    00000004     app_ble_pem3.oem3 (.const:ti_sysbios_rom_ROM_xdc_runtime_System_SupportProxy_abort__E)

.const:ti_sysbios_rom_ROM_xdc_runtime_System_SupportProxy_exit__E 
*          0    0000132c    00000004     
                  0000132c    00000004     app_ble_pem3.oem3 (.const:ti_sysbios_rom_ROM_xdc_runtime_System_SupportProxy_exit__E)

.TI.bound:NV_FLASH 
*          0    0001e000    00001000     
                  0001e000    00001000     ble5_simple_central_cc2640r2lp_stack_library.lib : osal_snv_wrapper.obj (.TI.bound:NV_FLASH)

.data:ti_sysbios_knl_Task_Module__state__V 
*          0    20000100    00000044     UNINITIALIZED
                  20000100    00000044     app_ble_pem3.oem3 (.data:ti_sysbios_knl_Task_Module__state__V)

.data:ti_sysbios_family_arm_m3_Hwi_Module__state__V 
*          0    20000144    00000034     UNINITIALIZED
                  20000144    00000034     app_ble_pem3.oem3 (.data:ti_sysbios_family_arm_m3_Hwi_Module__state__V)

.data:ti_sysbios_knl_Clock_Module__state__V 
*          0    20000178    0000002c     UNINITIALIZED
                  20000178    0000002c     app_ble_pem3.oem3 (.data:ti_sysbios_knl_Clock_Module__state__V)

.data:ti_sysbios_BIOS_Module__state__V 
*          0    200001a4    00000024     UNINITIALIZED
                  200001a4    00000024     app_ble_pem3.oem3 (.data:ti_sysbios_BIOS_Module__state__V)

.data:ti_sysbios_knl_Swi_Module__state__V 
*          0    200001c8    0000001c     UNINITIALIZED
                  200001c8    0000001c     app_ble_pem3.oem3 (.data:ti_sysbios_knl_Swi_Module__state__V)

.data:ti_sysbios_family_arm_cc26xx_Timer_Module__state__V 
*          0    200001e4    00000008     UNINITIALIZED
                  200001e4    00000008     app_ble_pem3.oem3 (.data:ti_sysbios_family_arm_cc26xx_Timer_Module__state__V)

.data:ti_sysbios_family_arm_cc26xx_TimestampProvider_Module__state__V 
*          0    200001ec    00000004     UNINITIALIZED
                  200001ec    00000004     app_ble_pem3.oem3 (.data:ti_sysbios_family_arm_cc26xx_TimestampProvider_Module__state__V)

.data:xdc_runtime_Startup_Module__state__V 
*          0    200001f0    00000008     UNINITIALIZED
                  200001f0    00000008     app_ble_pem3.oem3 (.data:xdc_runtime_Startup_Module__state__V)

.data:xdc_runtime_System_Module__state__V 
*          0    200001f8    00000008     UNINITIALIZED
                  200001f8    00000008     app_ble_pem3.oem3 (.data:xdc_runtime_System_Module__state__V)

.data:xdc_runtime_Memory_Module__state__V 
*          0    20000200    00000004     UNINITIALIZED
                  20000200    00000004     app_ble_pem3.oem3 (.data:xdc_runtime_Memory_Module__state__V)

.data:xdc_runtime_Error_Module__state__V 
*          0    20000204    00000002     UNINITIALIZED
                  20000204    00000002     app_ble_pem3.oem3 (.data:xdc_runtime_Error_Module__state__V)

.bootVecs 
*          0    00000000    00000008     DSECT
                  00000000    00000008     boot.aem3 : boot.oem3 (.bootVecs)

.resetVecs 
*          0    00000000    0000003c     
                  00000000    0000003c     app_ble_pem3.oem3 (.resetVecs)

.vecs      0    20000000    000000c8     NOLOAD SECTION
                  20000000    000000c8     app_ble_pem3.oem3 (.vecs)

xdc.meta   0    00000000    0000014a     COPY SECTION
                  00000000    0000014a     app_ble_pem3.oem3 (xdc.meta)

xdc.noload 
*          0    00000000    00000000     COPY SECTION

.cinit     0    000160c0    0000038c     
                  000160c0    00000248     (.cinit..data.load) [load image, compression = lzss]
                  00016308    00000028     (.cinit..data:ti_sysbios_family_arm_m3_Hwi_Module__state__V.load) [load image, compression = lzss]
                  00016330    00000021     (.cinit..data:ti_sysbios_knl_Task_Module__state__V.load) [load image, compression = lzss]
                  00016351    0000001f     (.cinit..data:ti_sysbios_BIOS_Module__state__V.load) [load image, compression = lzss]
                  00016370    0000001e     (.cinit..data:ti_sysbios_knl_Clock_Module__state__V.load) [load image, compression = lzss]
                  0001638e    00000010     (.cinit..data:ti_sysbios_knl_Swi_Module__state__V.load) [load image, compression = lzss]
                  0001639e    00000002     --HOLE-- [fill = 0]
                  000163a0    0000000c     (__TI_handler_table)
                  000163ac    0000000b     (.cinit..data:ti_sysbios_family_arm_cc26xx_Timer_Module__state__V.load) [load image, compression = lzss]
                  000163b7    00000001     --HOLE-- [fill = 0]
                  000163b8    00000008     (.cinit..bss.load) [load image, compression = zero_init]
                  000163c0    00000008     (.cinit..data:xdc_runtime_Memory_Module__state__V.load) [load image, compression = lzss]
                  000163c8    00000007     (.cinit..data:ti_sysbios_family_arm_cc26xx_TimestampProvider_Module__state__V.load) [load image, compression = lzss]
                  000163cf    00000007     (.cinit..data:xdc_runtime_Startup_Module__state__V.load) [load image, compression = lzss]
                  000163d6    00000007     (.cinit..data:xdc_runtime_System_Module__state__V.load) [load image, compression = lzss]
                  000163dd    00000006     (.cinit..data:xdc_runtime_Error_Module__state__V.load) [load image, compression = lzss]
                  000163e3    00000001     --HOLE-- [fill = 0]
                  000163e4    00000068     (__TI_cinit_table)

.init_array 
*          0    00000000    00000000     UNINITIALIZED

.ccfg      0    0001ffa8    00000058     
                  0001ffa8    00000058     ccfg_app_ble.obj (.ccfg:retain)

.data      0    20000208    000011a4     UNINITIALIZED
                  20000208    000004b4     simple_central.obj (.data:$O5$$)
                  200006bc    00000240     central.obj (.data:$O12$$)
                  200008fc    00000004     ble5_simple_central_cc2640r2lp_stack_library.lib : osal_pwrmgr.obj (.data:$O18$$)
                  20000900    00000238     RFCC26XX_singleMode.obj (.data:$O8$$)
                  20000b38    00000180     ble5_simple_central_cc2640r2lp_stack_library.lib : gapbondmgr.obj (.data:$O21$$)
                  20000cb8    00000114     drivers_cc26x0r2.aem3 : PowerCC26XX.oem3 (.data:PowerCC26XX_module)
                  20000dcc    0000009c     icall.obj (.data:$O9$$)
                  20000e68    00000090     cc26xx_profiles_xcxx.a : gapgattserver.o (.data)
                  20000ef8    0000007c     ble5_simple_central_cc2640r2lp_stack_library.lib : osal_cbtimer.obj (.data:$O17$$)
                  20000f74    0000004c     app_ble_pem3.oem3 (.data:ti_sysbios_knl_Task_Object__table__V)
                  20000fc0    00000048     app_ble_pem3.oem3 (.data:ti_sysbios_family_arm_cc26xx_Timer_Object__table__V)
                  20001008    0000003c     cc2640_ll_xcxx.a : ll_config.o (.data)
                  20001044    00000038     app_ble_pem3.oem3 (.data:ti_sysbios_gates_GateMutex_Object__table__V)
                  2000107c    00000030     main.obj (.data:$O14$$)
                  200010ac    00000030     app_ble_pem3.oem3 (.data:ti_sysbios_knl_Swi_Module_State_0_readyQ__A)
                  200010dc    00000030     app_ble_pem3.oem3 (.data:ti_sysbios_knl_Swi_Object__table__V)
                  2000110c    00000030     app_ble_pem3.oem3 (.data:ti_sysbios_knl_Task_Module_State_0_readyQ__A)
                  2000113c    0000002c     ble5_simple_central_cc2640r2lp_stack_library.lib : osal.obj (.data:$O16$$)
                  20001168    00000020     drivers_cc26x0r2.aem3 : ADCCC26XX.oem3 (.data:$O1$$)
                  20001188    00000020     app_ble_pem3.oem3 (.data:ti_sysbios_knl_Clock_Object__table__V)
                  200011a8    00000020     app_ble_pem3.oem3 (.data:xdc_runtime_Error_IgnoreBlock)
                  200011c8    0000001c     cc26xx_profiles_xcxx.a : gapgattserver.o (.data)
                  200011e4    00000018     app_ble_pem3.oem3 (.data:ti_sysbios_family_arm_m3_Hwi_Object__table__V)
                  200011fc    00000014     My_RGB.obj (.data:$O3$$)
                  20001210    00000010     My_Accelerator.obj (.data:$O1$$)
                  20001220    00000010     drivers_cc26x0r2.aem3 : PWMTimerCC26XX.oem3 (.data:$O1$$)
                  20001230    00000010     icall_user_config.obj (.data:bleAppServiceInfoTable)
                  20001240    00000010     cc2640_ll_xcxx.a : ll.o (.data)
                  20001250    00000010     cc26xx_gap_xcxx.a : gap_centdevmgr.o (.data)
                  20001260    00000010     cc26xx_profiles_xcxx.a : gattservapp.o (.data)
                  20001270    00000010     cc26xx_sm_xcxx.a : sm_intpairing.o (.data)
                  20001280    00000010     icall_api_lite.obj (.data)
                  20001290    00000010     ble_user_config.obj (.data:rfRegTblCoded)
                  200012a0    0000000c     cc2640_ll_xcxx.a : ll_common.o (.data)
                  200012ac    0000000c     ble_user_config.obj (.data:rfRegTbl)
                  200012b8    0000000c     app_ble_pem3.oem3 (.data:ti_sysbios_heaps_HeapCallback_Object__table__V)
                  200012c4    00000008     icall_cc2650.obj (.data:$O11$$)
                  200012cc    00000008     ble5_simple_central_cc2640r2lp_stack_library.lib : hal_assert.obj (.data:$O15$$)
                  200012d4    00000008                                                      : osal_clock.obj (.data:$O23$$)
                  200012dc    00000008     rtsv7M3_T_le_eabi.lib : _lock.c.obj (.data:$O24$$)
                  200012e4    00000008     ECCROMCC26XX.obj (.data:$O7$$)
                  200012ec    00000008     cc2640_ll_xcxx.a : ll_data.o (.data)
                  200012f4    00000008     cc26xx_gap_xcxx.a : gap_centlinkmgr.o (.data)
                  200012fc    00000008     cc26xx_profiles_xcxx.a : gapgattserver.o (.data)
                  20001304    00000008     ble_user_config.obj (.data:rfRegTbl1M)
                  2000130c    00000008     ble_user_config.obj (.data:rfRegTbl2M)
                  20001314    00000008     app_ble_pem3.oem3 (.data:ti_sysbios_family_arm_m3_Hwi_Module__root__V)
                  2000131c    00000008     app_ble_pem3.oem3 (.data:ti_sysbios_gates_GateHwi_Module__root__V)
                  20001324    00000008     app_ble_pem3.oem3 (.data:ti_sysbios_gates_GateMutex_Module__root__V)
                  2000132c    00000008     app_ble_pem3.oem3 (.data:ti_sysbios_hal_Hwi_Module__root__V)
                  20001334    00000008     app_ble_pem3.oem3 (.data:ti_sysbios_heaps_HeapCallback_Module__root__V)
                  2000133c    00000008     app_ble_pem3.oem3 (.data:ti_sysbios_heaps_HeapMem_Module__root__V)
                  20001344    00000008     app_ble_pem3.oem3 (.data:ti_sysbios_knl_Clock_Module__root__V)
                  2000134c    00000008     app_ble_pem3.oem3 (.data:ti_sysbios_knl_Event_Module__root__V)
                  20001354    00000008     app_ble_pem3.oem3 (.data:ti_sysbios_knl_Mailbox_Module__root__V)
                  2000135c    00000008     app_ble_pem3.oem3 (.data:ti_sysbios_knl_Queue_Module__root__V)
                  20001364    00000008     app_ble_pem3.oem3 (.data:ti_sysbios_knl_Semaphore_Module__root__V)
                  2000136c    00000008     app_ble_pem3.oem3 (.data:ti_sysbios_knl_Swi_Module__root__V)
                  20001374    00000008     app_ble_pem3.oem3 (.data:ti_sysbios_knl_Task_Module__root__V)
                  2000137c    00000004     ble5_simple_central_cc2640r2lp_stack_library.lib : osal_snv_wrapper.obj (.data:$O19$$)
                  20001380    00000004                                                      : ble_user_config.obj (.data)
                  20001384    00000004                                                      : osal_bufmgr.obj (.data)
                  20001388    00000004     ble_user_config.obj (.data)
                  2000138c    00000004     board.obj (.data)
                  20001390    00000004     rtsv7M3_T_le_eabi.lib : stkdepth_vars.c.obj (.data)
                  20001394    00000004     app_ble_pem3.oem3 (.data:ti_sysbios_family_arm_m3_Hwi_Module_State_0_excContext__A)
                  20001398    00000004     app_ble_pem3.oem3 (.data:ti_sysbios_family_arm_m3_Hwi_Module_State_0_excStack__A)
                  2000139c    00000004     app_ble_pem3.oem3 (.data:ti_sysbios_knl_Task_Module_State_0_idleTask__A)
                  200013a0    00000002     cc26xx_sm_xcxx.a : sm_mgr.o (.data)
                  200013a2    00000002     app_ble_pem3.oem3 (.data:ti_sysbios_family_arm_m3_Hwi_Module_State_0_excActive__A)
                  200013a4    00000001     TRNGCC26XX.obj (.data)
                  200013a5    00000001     cc26xx_gatt_xcxx.a : gatt_client.o (.data)
                  200013a6    00000001     cc26xx_profiles_xcxx.a : gapgattserver.o (.data)
                  200013a7    00000001                            : gapgattserver.o (.data)
                  200013a8    00000001                            : gapgattserver.o (.data)
                  200013a9    00000001                            : gapgattserver.o (.data)
                  200013aa    00000001     drivers_cc26x0r2.aem3 : ADC.oem3 (.data)
                  200013ab    00000001                           : PWM.oem3 (.data)

.bss       0    200013b0    00000c19     UNINITIALIZED
                  200013b0    00000278     cc2640_ll_xcxx.a : ll_privacy.o (.bss)
                  20001628    00000200     app_ble_pem3.oem3 (.bss:taskStackSection)
                  20001828    00000120     (.common:gptimerCC26XXObjects)
                  20001948    00000110     drivers_cc26x0r2.aem3 : PINCC26XX.oem3 (.bss:$O1$$)
                  20001a58    00000100     (.common:pwmtimerCC26xxObjects)
                  20001b58    000000f0     cc2640_ll_xcxx.a : ble.o (.bss)
                  20001c48    000000dc     (.common:adcCC26xxObjects)
                  20001d24    000000c8     (.common:ti_sysbios_family_arm_m3_Hwi_dispatchTable)
                  20001dec    00000080     (.common:cryptoCC26XXObjects)
                  20001e6c    0000003c                      : ble.o (.bss)
                  20001ea8    00000028                      : ll_scan_end_causes.o (.bss)
                  20001ed0    00000024                      : ll.o (.bss)
                  20001ef4    0000001c     drivers_cc26x0r2.aem3 : CryptoCC26XX.oem3 (.bss:CryptoSem)
                  20001f10    0000001c     cc2640_ll_xcxx.a : ble.o (.bss)
                  20001f2c    00000014                      : ll.o (.bss)
                  20001f40    00000014     driverlib.lib : osc.obj (.bss:oscHfGlobals$61)
                  20001f54    00000010     util.obj (.bss:str$1$6)
                  20001f64    0000000c     ble5_simple_central_cc2640r2lp_stack_library.lib : osal_timers.obj (.bss:$O20$$)
                  20001f70    0000000c     cc2640_ll_xcxx.a : ll_scheduler.o (.bss)
                  20001f7c    00000008     dpl_cc26x0r2.aem3 : PowerCC26XX_tirtos.oem3 (.bss:$O1$$)
                  20001f84    00000008     RFCC26XX_singleMode.obj (.bss)
                  20001f8c    00000008     driverlib.lib : sys_ctrl.obj (.bss:powerQualGlobals$63)
                  20001f94    00000004     cc2640_ll_xcxx.a : ble.o (.bss)
                  20001f98    00000004                      : ble.o (.bss)
                  20001f9c    00000004                      : ll.o (.bss)
                  20001fa0    00000004                      : ll.o (.bss)
                  20001fa4    00000004     cc26xx_att_xcxx.a : att_client.o (.bss)
                  20001fa8    00000004     cc26xx_gatt_xcxx.a : gatt_client.o (.bss)
                  20001fac    00000004     (.common:ClockP_tickPeriod)
                  20001fb0    00000004     (.common:adc)
                  20001fb4    00000004     (.common:tasksEvents)
                  20001fb8    00000004     (.common:trngCC26XXObjects)
                  20001fbc    00000002     cc2640_ll_xcxx.a : ll.o (.bss)
                  20001fbe    00000002                      : ll.o (.bss)
                  20001fc0    00000001                      : ll.o (.bss)
                  20001fc1    00000001     cc26xx_hci_tl_none.a : hci_tl.o (.bss)
                  20001fc2    00000001                          : hci_tl.o (.bss)
                  20001fc3    00000001                          : hci_tl.o (.bss)
                  20001fc4    00000001                          : hci_tl.o (.bss)
                  20001fc5    00000001                          : hci_tl.o (.bss)
                  20001fc6    00000001     (.common:driverlib_release_0_48919)
                  20001fc7    00000001     (.common:g_hwiInt)
                  20001fc8    00000001     (.common:icall_liteTaskId)

.vtable    0    20001fc9    00000000     UNINITIALIZED

.vtable_ram 
*          0    20001fc9    00000000     UNINITIALIZED

vtable_ram 
*          0    20001fc9    00000000     UNINITIALIZED

.sysmem    0    20001fc9    00000000     UNINITIALIZED

.nonretenvar 
*          0    20001fc9    00000000     UNINITIALIZED

.stack     0    20004000    00000400     UNINITIALIZED
                  20004000    00000400     --HOLE--

.text.1    0    0000003c    00000fc4     
                  0000003c    00000f50     cc2640_ll_xcxx.a : ll.o (.text)
                  00000f8c    00000008     ble_r2.symbols (.tramp.LL_ENC_GenerateTrueRandNum.1)
                  00000f94    00000008     ble_r2.symbols (.tramp.LL_PRIV_GenerateRSA.1)
                  00000f9c    00000008     ble_r2.symbols (.tramp.LL_ENC_Init.1)
                  00000fa4    0000005c     display.aem3 : Display.oem3 (.text:Display_doOpen)

.text.2    0    00001330    00013c9c     
                  00001330    0000079c     cc2640_ll_xcxx.a : ble.o (.text)
                  00001acc    000005c5     simple_central.obj (.text:SimpleBLECentral_processStackMsg$5)
                  00002091    00000001     --HOLE-- [fill = 0]
                  00002092    00000002     ble_user_config.obj (.text:DefaultAssertCback)
                  00002094    0000056c     cc2640_ll_xcxx.a : ll_master_end_causes.o (.text)
                  00002600    00000564     simple_central.obj (.text:SimpleBLECentral_taskFxn$5)
                  00002b64    00000494     ble5_simple_central_cc2640r2lp_stack_library.lib : gapbondmgr.obj (.text:GAPBondMgr_ProcessEvent)
                  00002ff8    000003b8     cc2640_ll_xcxx.a : ll_init_end_causes.o (.text)
                  000033b0    00000398                      : ll_scheduler.o (.text)
                  00003748    0000035c     RFCC26XX_singleMode.obj (.text:fsmActiveState$8)
                  00003aa4    00000358     cc2640_ll_xcxx.a : ll_isr.o (.text)
                  00003dfc    00000314     drivers_cc26x0r2.aem3 : PowerCC26XX_calibrateRCOSC.oem3 (.text:PowerCC26XX_auxISR)
                  00004110    000002e4     cc2640_ll_xcxx.a : ll_isr.o (.text)
                  000043f4    000002bc                      : ll.o (.text)
                  000046b0    000002bc     ble5_simple_central_cc2640r2lp_stack_library.lib : icall_startup.obj (.text:startup_entry)
                  0000496c    000002ac                                                      : gapbondmgr.obj (.text:GAPBondMgr_SetParameter)
                  00004c18    00000260     cc2640_ll_xcxx.a : ll.o (.text)
                  00004e78    00000254     cc26xx_profiles_xcxx.a : gapgattserver.o (.text)
                  000050cc    0000024c     drivers_cc26x0r2.aem3 : CryptoCC26XX.oem3 (.text:cryptoTransactionExecute)
                  00005318    0000023c                           : PowerCC26XX.oem3 (.text:Power_sleep)
                  00005554    00000224     RFCC26XX_singleMode.obj (.text:RF_open)
                  00005778    00000220     driverlib.lib : sys_ctrl.obj (.text:NOROM_SysCtrlSetRechargeBeforePowerDown)
                  00005998    00000210     cc26xx_profiles_xcxx.a : gattservapp.o (.text)
                  00005ba8    0000020c     cc2640_ll_xcxx.a : ll_common.o (.text)
                  00005db4    00000208                      : ll_common.o (.text)
                  00005fbc    00000204     cc26xx_sm_xcxx.a : sm_pairing.o (.text)
                  000061c0    000001e4     cc2640_ll_xcxx.a : ll_common.o (.text)
                  000063a4    000001e4                      : ll_master_end_causes.o (.text)
                  00006588    000001dc     RFCC26XX_singleMode.obj (.text:fsmSetupState$8)
                  00006764    000001d8     cc2640_ll_xcxx.a : ll_common.o (.text)
                  0000693c    000001d0     ble5_simple_central_cc2640r2lp_stack_library.lib : gapbondmgr.obj (.text:gapBondMgrAddBond$32)
                  00006b0c    000001c4     cc26xx_sm_xcxx.a : sm_intpairing.o (.text)
                  00006cd0    000001c0     cc2640_ll_xcxx.a : ll_isr.o (.text)
                  00006e90    000001bc     ble5_simple_central_cc2640r2lp_stack_library.lib : osal.obj (.text:osal_start_system)
                  0000704c    000001a8     RFCC26XX_singleMode.obj (.text:RF_postCmd)
                  000071f4    000001a8     cc2640_ll_xcxx.a : ll.o (.text)
                  0000739c    00000198                      : ll_common.o (.text)
                  00007534    00000198     simple_central.obj (.text:my_process_periodic_task$5)
                  000076cc    00000194     ECCROMCC26XX.obj (.text:ECCROMCC26XX_genDHKey)
                  00007860    00000190     drivers_cc26x0r2.aem3 : PowerCC26XX_calibrateRCOSC.oem3 (.text:PowerCC26XX_doCalibrate)
                  000079f0    00000190     ble5_simple_central_cc2640r2lp_stack_library.lib : gapbondmgr.obj (.text:gapBondMgrAuthenticate$32)
                  00007b80    00000190     icall.obj (.text:icall_directAPI)
                  00007d10    0000018c     drivers_cc26x0r2.aem3 : PINCC26XX.oem3 (.text:PIN_init)
                  00007e9c    00000184     RFCC26XX_singleMode.obj (.text:abortCmd$8)
                  00008020    00000180     cc2640_ll_xcxx.a : ll_master_end_causes.o (.text)
                  000081a0    00000174     cc26xx_gatt_xcxx.a : gatt_client.o (.text)
                  00008314    00000164     cc2640_ll_xcxx.a : ll.o (.text)
                  00008478    00000160     cc26xx_gatt_xcxx.a : gatt_client.o (.text)
                  000085d8    00000150     cc26xx_sm_xcxx.a : sm_intpairing.o (.text)
                  00008728    00000148     cc26xx_gap_xcxx.a : gap_linkmgr.o (.text)
                  00008870    00000144     cc2640_ll_xcxx.a : ll_common.o (.text)
                  000089b4    00000140     main.obj (.text:AssertHandler)
                  00008af4    0000013c     drivers_cc26x0r2.aem3 : PowerCC26XX.oem3 (.text:Power_init)
                  00008c30    00000138     cc2640_ll_xcxx.a : ll.o (.text)
                  00008d68    00000128     ECCROMCC26XX.obj (.text:ECCROMCC26XX_genKeys)
                  00008e90    00000128     cc2640_ll_xcxx.a : ll_scheduler.o (.text)
                  00008fb8    00000128     ble5_simple_central_cc2640r2lp_stack_library.lib : gapbondmgr.obj (.text:gapBondMgrEraseBonding$32)
                  000090e0    0000011c                                                      : osal_snv_wrapper.obj (.text:compactPage$29)
                  000091fc    00000118     cc2640_ll_xcxx.a : ll.o (.text)
                  00009314    00000114     simple_central.obj (.text:SimpleBLECentral_processGATTDiscEvent$5)
                  00009428    00000108     RFCC26XX_singleMode.obj (.text:hwiFxnCpe0Active$8)
                  00009530    00000104     ble5_simple_central_cc2640r2lp_stack_library.lib : gapbondmgr.obj (.text:GAPBondMgr_LinkEst)
                  00009634    00000104     cc26xx_gap_xcxx.a : gap_centdevmgr.o (.text)
                  00009738    00000100     cc2640_ll_xcxx.a : ll_scan_end_causes.o (.text)
                  00009838    00000100     cc26xx_sm_xcxx.a : sm_task.o (.text)
                  00009938    000000fc     cc26xx_gap_xcxx.a : gap_centlinkmgr.o (.text)
                  00009a34    000000fa     rtsv7M3_T_le_eabi.lib : fs_add_t2.asm.obj (.text)
                  00009b2e    00000002     ble5_simple_central_cc2640r2lp_stack_library.lib : onboard.obj (.text:Onboard_soft_reset)
                  00009b30    000000f8                                                      : osal_snv_wrapper.obj (.text:osal_snv_write)
                  00009c28    000000f8     RFCC26XX_singleMode.obj (.text:radioOpDoneCb$8)
                  00009d20    000000f4     RFCC26XX_singleMode.obj (.text:fsmPowerUpState$8)
                  00009e14    000000f0     cc2640_ll_xcxx.a : ll.o (.text)
                  00009f04    000000f0                      : ll_common.o (.text)
                  00009ff4    000000f0     central.obj (.text:gapCentralRole_ProcessGAPMsg$15)
                  0000a0e4    000000ec     drivers_cc26x0r2.aem3 : PWMTimerCC26XX.oem3 (.text:PWMTimerCC26XX_open)
                  0000a1d0    000000e8     cc2640_ll_xcxx.a : ll.o (.text)
                  0000a2b8    000000e8     ble5_simple_central_cc2640r2lp_stack_library.lib : osal_timers.obj (.text:osalTimerUpdate)
                  0000a3a0    000000e4     cc2640_ll_xcxx.a : ll.o (.text)
                  0000a484    000000e4     cc26xx_gatt_xcxx.a : gatt_client.o (.text)
                  0000a568    000000e4     cc26xx_sm_xcxx.a : sm_intpairing.o (.text)
                  0000a64c    000000e0                      : sm_pairing.o (.text)
                  0000a72c    000000dc     drivers_cc26x0r2.aem3 : PINCC26XX.oem3 (.text:PINCC26XX_setIoCfg)
                  0000a808    000000dc     cc2640_hci_xcxx.a : hci_event.o (.text)
                  0000a8e4    000000dc     cc26xx_gap_xcxx.a : gap_centdevmgr.o (.text)
                  0000a9c0    000000d8                       : gap_linkmgr.o (.text)
                  0000aa98    000000d8     main.obj (.text:main)
                  0000ab70    000000d4     drivers_cc26x0r2.aem3 : CryptoCC26XX.oem3 (.text:CryptoCC26XX_open)
                  0000ac44    000000d4     dpl_cc26x0r2.aem3 : PowerCC26XX_tirtos.oem3 (.text:PowerCC26XX_standbyPolicy)
                  0000ad18    000000d4     central.obj (.text:gapCentralRole_taskFxn$15)
                  0000adec    000000d0     cc2640_ll_xcxx.a : ll_scan_end_causes.o (.text)
                  0000aebc    000000ce     cc26xx_sm_xcxx.a : sm_pairing.o (.text)
                  0000af8a    00000002     drivers_cc26x0r2.aem3 : PWMTimerCC26XX.oem3 (.text:PWMTimerCC26XX_init)
                  0000af8c    000000c4                           : ADCCC26XX.oem3 (.text:ADCCC26XX_convert)
                  0000b050    000000c4     cc26xx_sm_xcxx.a : sm_pairing.o (.text)
                  0000b114    000000c2     cc2640_ll_xcxx.a : ll.o (.text)
                  0000b1d6    00000002     ble5_simple_central_cc2640r2lp_stack_library.lib : sm_ecc.obj (.text:SM_dhKeyCB)
                  0000b1d8    000000c0     cc2640_ll_xcxx.a : ll_common.o (.text)
                  0000b298    000000c0     ble5_simple_central_cc2640r2lp_stack_library.lib : osal.obj (.text:osal_set_event)
                  0000b358    000000bc     drivers_cc26x0r2.aem3 : GPTimerCC26XX.oem3 (.text:GPTimerCC26XX_open)
                  0000b414    000000bc                           : PowerCC26XX.oem3 (.text:Power_releaseDependency)
                  0000b4d0    000000bc     cc2640_hci_xcxx.a : hci_event.o (.text)
                  0000b58c    000000b8     driverlib.lib : aux_adc.obj (.text:NOROM_AUXADCEnableSync)
                  0000b644    000000b8                   : setup.obj (.text:NOROM_SetupTrimDevice)
                  0000b6fc    000000b8     cc2640_ll_xcxx.a : ll_scheduler.o (.text)
                  0000b7b4    000000b4     drivers_cc26x0r2.aem3 : PowerCC26XX.oem3 (.text:Power_setDependency)
                  0000b868    000000b0     TRNGCC26XX.obj (.text:TRNGCC26XX_getNumber)
                  0000b918    000000b0     cc2640_ll_xcxx.a : ble.o (.text)
                  0000b9c8    000000b0     cc26xx_gap_xcxx.a : gap_linkmgr.o (.text)
                  0000ba78    000000ac     cc2640_ll_xcxx.a : ll.o (.text)
                  0000bb24    000000aa                      : ll_common.o (.text)
                  0000bbce    00000002     ble5_simple_central_cc2640r2lp_stack_library.lib : sm_ecc.obj (.text:SM_p256KeyCB)
                  0000bbd0    000000a8     cc2640_ll_xcxx.a : ll.o (.text)
                  0000bc78    000000a8                      : ll.o (.text)
                  0000bd20    000000a8     cc26xx_gatt_xcxx.a : gatt_client.o (.text)
                  0000bdc8    000000a4     ble5_simple_central_cc2640r2lp_stack_library.lib : gapbondmgr.obj (.text:GAPBondMgr_ResolveAddr)
                  0000be6c    000000a4     cc2640_ll_xcxx.a : ll.o (.text)
                  0000bf10    000000a4     cc26xx_sm_xcxx.a : sm_intpairing.o (.text)
                  0000bfb4    000000a4     ble5_simple_central_cc2640r2lp_stack_library.lib : osal.obj (.text:osal_msg_enqueue_push$24)
                  0000c058    000000a0     drivers_cc26x0r2.aem3 : GPTimerCC26XX.oem3 (.text:GPTimerCC26XX_close)
                  0000c0f8    000000a0     auto_init.aem3 : auto_init.oem3 (.text)
                  0000c198    000000a0     cc2640_hci_xcxx.a : hci_event.o (.text)
                  0000c238    000000a0     cc2640_ll_xcxx.a : ll_common.o (.text)
                  0000c2d8    0000009e     ble5_simple_central_cc2640r2lp_stack_library.lib : gapbondmgr.obj (.text:gapBondMgrUpdateCharCfg$32)
                  0000c376    00000002     rtsv7M3_T_le_eabi.lib : _lock.c.obj (.text:_nop)
                  0000c378    0000009c     ble5_simple_central_cc2640r2lp_stack_library.lib : osal_cbtimer.obj (.text:cbTimerSetup$26)
                  0000c414    0000009c     cc2640_ll_xcxx.a : ll_scheduler.o (.text)
                  0000c4b0    0000009c     ble5_simple_central_cc2640r2lp_stack_library.lib : osal_cbtimer.obj (.text:osal_CbTimerProcessEvent)
                  0000c54c    0000009c     rtsv7M3_T_le_eabi.lib : memcpy_t2.asm.obj (.text)
                  0000c5e8    00000098     ble5_simple_central_cc2640r2lp_stack_library.lib : gapbondmgr.obj (.text:GAPBondMgr_syncResolvingList)
                  0000c680    00000098     drivers_cc26x0r2.aem3 : PINCC26XX.oem3 (.text:PIN_open)
                  0000c718    00000098     cc2640_ll_xcxx.a : ll.o (.text)
                  0000c7b0    00000098                      : ll.o (.text)
                  0000c848    00000098     cc26xx_gap_xcxx.a : gap_centdevmgr.o (.text)
                  0000c8e0    00000098     rom_sysbios.aem3 : rom_sysbios.obj (.text:ti_sysbios_knl_Clock_workFuncDynamic__E)
                  0000c978    00000096     rtsv7M3_T_le_eabi.lib : ull_div_t2.asm.obj (.text)
                  0000ca0e    00000002     RFCC26XX_singleMode.obj (.text:defaultCallback$8)
                  0000ca10    00000094     icall.obj (.text:ICall_setTimer)
                  0000caa4    00000094     cc2640_ll_xcxx.a : ll_common.o (.text)
                  0000cb38    00000094                      : ll_enc.o (.text)
                  0000cbcc    00000094     ble5_simple_central_cc2640r2lp_stack_library.lib : osal.obj (.text:osal_msg_receive)
                  0000cc60    00000094                                                      : osal_timers.obj (.text:osal_timer_refTimeUpdate)
                  0000ccf4    00000092     rtsv7M3_T_le_eabi.lib : fs_div_t2.asm.obj (.text)
                  0000cd86    00000002     drivers_cc26x0r2.aem3 : PowerCC26XX.oem3 (.text:emptyClockFunc)
                  0000cd88    00000090     driverlib.lib : crypto.obj (.text:NOROM_CRYPTOAesLoadKey)
                  0000ce18    00000090                   : setup.obj (.text:TrimAfterColdResetWakeupFromShutDown$20)
                  0000cea8    00000090     cc26xx_gatt_xcxx.a : gatt_client.o (.text)
                  0000cf38    00000090     cc26xx_hci_tl_none.a : hci_tl.o (.text)
                  0000cfc8    00000090     cc26xx_sm_xcxx.a : sm_intpairing.o (.text)
                  0000d058    0000008c     icall.obj (.text:ICall_heapMalloc)
                  0000d0e4    0000008c     cc2640_ll_xcxx.a : ll_common.o (.text)
                  0000d170    0000008c                      : ll_enc.o (.text)
                  0000d1fc    0000008c     cc26xx_gatt_xcxx.a : gatt_client.o (.text)
                  0000d288    0000008c     drivers_cc26x0r2.aem3 : PowerCC26XX.oem3 (.text:disableLFClockQualifiers)
                  0000d314    00000088                           : ADCCC26XX.oem3 (.text:ADCCC26XX_open)
                  0000d39c    00000088     cc2640_hci_xcxx.a : hci_event.o (.text)
                  0000d424    00000088     cc2640_ll_xcxx.a : ll_common.o (.text)
                  0000d4ac    00000088                      : ll_scan_end_causes.o (.text)
                  0000d534    00000086                      : ll_common.o (.text)
                  0000d5ba    00000086     cc26xx_gatt_xcxx.a : gatt_client.o (.text)
                  0000d640    00000084     cc2640_ll_xcxx.a : ll.o (.text)
                  0000d6c4    00000084     drivers_cc26x0r2.aem3 : PowerCC26XX.oem3 (.text:switchXOSCHFclockFunc)
                  0000d748    00000080     driverlib.lib : aux_adc.obj (.text:NOROM_AUXADCDisable)
                  0000d7c8    00000080     drivers_cc26x0r2.aem3 : PWMTimerCC26XX.oem3 (.text:PWMTimerCC26XX_setPeriod)
                  0000d848    00000080     RFCC26XX_singleMode.obj (.text:RF_pendCmd)
                  0000d8c8    00000080     cc2640_ll_xcxx.a : ll.o (.text)
                  0000d948    00000080     cc26xx_gatt_xcxx.a : gatt_client.o (.text)
                  0000d9c8    00000080     My_RGB.obj (.text:my_RGB_init)
                  0000da48    0000007e     cc2640_ll_xcxx.a : ll.o (.text)
                  0000dac6    0000007e     cc26xx_profiles_xcxx.a : gattservapp.o (.text)
                  0000db44    0000007c     cc2640_ll_xcxx.a : ll_init_end_causes.o (.text)
                  0000dbc0    0000007c                      : ll_scheduler.o (.text)
                  0000dc3c    0000007c     cc26xx_gap_xcxx.a : gap_centdevmgr.o (.text)
                  0000dcb8    0000007c                       : gap_linkmgr.o (.text)
                  0000dd34    0000007c     cc26xx_gatt_xcxx.a : gatt_client.o (.text)
                  0000ddb0    0000007c     ble5_simple_central_cc2640r2lp_stack_library.lib : osal.obj (.text:osal_event_send$24)
                  0000de2c    0000007c     RFCC26XX_singleMode.obj (.text:swiFxnHw$8)
                  0000dea8    0000007a     drivers_cc26x0r2.aem3 : CryptoCC26XX.oem3 (.text:CryptoCC26XX_allocateKey)
                  0000df22    0000007a     rtsv7M3_T_le_eabi.lib : fs_mul_t2.asm.obj (.text)
                  0000df9c    0000007a                           : memset_t2.asm.obj (.text)
                  0000e016    00000002     ble5_simple_central_cc2640r2lp_stack_library.lib : hal_assert.obj (.text:halAssertHandler)
                  0000e018    00000078                                                      : gapbondmgr.obj (.text:GAPBondMgr_SlaveReqSecurity)
                  0000e090    00000078     cc2640_ll_xcxx.a : ll_common.o (.text)
                  0000e108    00000078                      : ll_enc.o (.text)
                  0000e180    00000076                      : ll_common.o (.text)
                  0000e1f6    00000002     ble5_simple_central_cc2640r2lp_stack_library.lib : hal_assert.obj (.text:halAssertSpinlock)
                  0000e1f8    00000074     cc2640_ll_xcxx.a : ll.o (.text)
                  0000e26c    00000074                      : ll_common.o (.text)
                  0000e2e0    00000074                      : ll_common.o (.text)
                  0000e354    00000074                      : ll_common.o (.text)
                  0000e3c8    00000074     cc26xx_gatt_xcxx.a : gatt_client.o (.text)
                  0000e43c    00000074     rom_sysbios.aem3 : rom_sysbios.obj (.text:ti_sysbios_family_arm_cc26xx_Timer_start__E)
                  0000e4b0    00000070     icall.obj (.text:ICall_heapGetStats)
                  0000e520    00000070     icall.obj (.text:ICall_heapInit)
                  0000e590    00000070     ble5_simple_central_cc2640r2lp_stack_library.lib : ble_dispatch_lite.obj (.text:ble_dispatch_liteProcess)
                  0000e600    00000070     cc2640_ll_xcxx.a : ll_common.o (.text)
                  0000e670    00000070     cc26xx_profiles_xcxx.a : gapgattserver.o (.text)
                  0000e6e0    00000070     cc26xx_sm_xcxx.a : sm_intpairing.o (.text)
                  0000e750    00000070     ble5_simple_central_cc2640r2lp_stack_library.lib : osal_snv_wrapper.obj (.text:writeWord$29)
                  0000e7c0    0000006e     cc2640_ll_xcxx.a : ll_common.o (.text)
                  0000e82e    00000002     icall_api_lite.obj (.text:rfErrCb)
                  0000e830    0000006c     icall.obj (.text:ICall_createRemoteTasks)
                  0000e89c    0000006c     icall.obj (.text:ICall_send)
                  0000e908    0000006c     icall.obj (.text:ICall_sendServiceComplete)
                  0000e974    0000006c     driverlib.lib : osc.obj (.text:NOROM_OSCHF_AttemptToSwitchToXosc)
                  0000e9e0    0000006c     drivers_cc26x0r2.aem3 : PowerCC26XX_calibrateRCOSC.oem3 (.text:PowerCC26XX_initiateCalibration)
                  0000ea4c    0000006c     cc2640_ll_xcxx.a : ble.o (.text)
                  0000eab8    0000006c                      : ll.o (.text)
                  0000eb24    0000006c                      : ll_common.o (.text)
                  0000eb90    0000006c     cc26xx_gap_xcxx.a : gap_centdevmgr.o (.text)
                  0000ebfc    0000006c     cc26xx_gatt_xcxx.a : gatt_client.o (.text)
                  0000ec68    0000006c                        : gatt_client.o (.text)
                  0000ecd4    0000006c     drivers_cc26x0r2.aem3 : PowerCC26XX.oem3 (.text:configureXOSCHF)
                  0000ed40    00000068     driverlib.lib : sys_ctrl.obj (.text:NOROM_SysCtrl_DCDC_VoltageConditionalControl)
                  0000eda8    00000068     cc2640_ll_xcxx.a : ll.o (.text)
                  0000ee10    00000068                      : ll.o (.text)
                  0000ee78    00000068                      : ll.o (.text)
                  0000eee0    00000068                      : ll.o (.text)
                  0000ef48    00000068                      : ll_common.o (.text)
                  0000efb0    00000068                      : ll_common.o (.text)
                  0000f018    00000068                      : ll_privacy.o (.text)
                  0000f080    00000068     cc26xx_sm_xcxx.a : sm_intpairing.o (.text)
                  0000f0e8    00000068     RFCC26XX_singleMode.obj (.text:decActiveClientCnt$8)
                  0000f150    00000068     rtsv7M3_T_le_eabi.lib : copy_decompress_lzss.c.obj (.text:decompress:lzss:__TI_decompress_lzss)
                  0000f1b8    00000068     ble5_simple_central_cc2640r2lp_stack_library.lib : osal_cbtimer.obj (.text:osal_CbTimerUpdate)
                  0000f220    00000066     cc2640_ll_xcxx.a : ll_common.o (.text)
                  0000f286    00000066                      : ll_common.o (.text)
                  0000f2ec    00000066                      : ll_privacy.o (.text)
                  0000f352    00000066                      : ll_privacy.o (.text)
                  0000f3b8    00000064     driverlib.lib : sys_ctrl.obj (.text:NOROM_SysCtrlAdjustRechargeAfterPowerDown)
                  0000f41c    00000064     drivers_cc26x0r2.aem3 : PINCC26XX.oem3 (.text:PIN_add)
                  0000f480    00000064     cc26xx_profiles_xcxx.a : gattservapp.o (.text)
                  0000f4e4    00000064     cc26xx_sm_xcxx.a : sm_intpairing.o (.text)
                  0000f548    00000064     RFCC26XX_singleMode.obj (.text:fsmXOSCState$8)
                  0000f5ac    00000062     cc2640_ll_xcxx.a : ll_common.o (.text)
                  0000f60e    00000062                      : ll_privacy.o (.text)
                  0000f670    00000062     ble5_simple_central_cc2640r2lp_stack_library.lib : gapbondmgr.obj (.text:gapBondMgrBondReq$32)
                  0000f6d2    00000002     rtsv7M3_T_le_eabi.lib : div0.asm.obj (.text)
                  0000f6d4    00000060     icall.obj (.text:ICall_enrollService)
                  0000f734    00000060     cc2640_ll_xcxx.a : ll_common.o (.text)
                  0000f794    00000060                      : ll_common.o (.text)
                  0000f7f4    0000005e     icall.obj (.text:ICall_fetchMsg)
                  0000f852    0000005e     cc2640_ll_xcxx.a : ll_common.o (.text)
                  0000f8b0    0000005e     cc26xx_gatt_xcxx.a : gatt_client.o (.text)
                  0000f90e    00000002     app_ble_pem3.oem3 (.text:ti_sysbios_BIOS_nullFunc__I)
                  0000f910    0000005c     icall.obj (.text:ICall_pwrUpdActivityCounter)
                  0000f96c    0000005c     drivers_cc26x0r2.aem3 : PowerCC26XX_calibrateRCOSC.oem3 (.text:PowerCC26XX_RCOSC_clockFunc)
                  0000f9c8    0000005c                           : PowerCC26XX.oem3 (.text:PowerCC26XX_calibrate)
                  0000fa24    0000005c     RFCC26XX_singleMode.obj (.text:RF_getCurrentTime)
                  0000fa80    0000005c     cc26xx_gap_xcxx.a : gap_centlinkmgr.o (.text)
                  0000fadc    0000005c     cc26xx_gatt_xcxx.a : gatt_client.o (.text)
                  0000fb38    0000005c     cc26xx_profiles_xcxx.a : gattservapp.o (.text)
                  0000fb94    0000005c     cc26xx_sm_xcxx.a : sm_intpairing.o (.text)
                  0000fbf0    0000005c     app_ble_pem3.oem3 (.text:xdc_runtime_Startup_getState__I)
                  0000fc4c    0000005a     cc2640_ll_xcxx.a : ll_common.o (.text)
                  0000fca6    00000002     app_ble_pem3.oem3 (.text:ti_sysbios_rom_cortexm_cc26xx_r2_CC26xx_badRomRevision__E)
                  0000fca8    00000058     drivers_cc26x0r2.aem3 : GPTimerCC26XX.oem3 (.text:GPTimerCC26XX_stop)
                  0000fd00    00000058     icall.obj (.text:ICall_wait)
                  0000fd58    00000058     drivers_cc26x0r2.aem3 : PINCC26XX.oem3 (.text:PIN_remove)
                  0000fdb0    00000058     cc2640_ll_xcxx.a : ll.o (.text)
                  0000fe08    00000058                      : ll_common.o (.text)
                  0000fe60    00000058                      : ll_common.o (.text)
                  0000feb8    00000058                      : ll_enc.o (.text)
                  0000ff10    00000058     cc26xx_gap_xcxx.a : gap_centdevmgr.o (.text)
                  0000ff68    00000058     cc26xx_sm_xcxx.a : sm_intpairing.o (.text)
                  0000ffc0    00000058     ble5_simple_central_cc2640r2lp_stack_library.lib : osal_snv_wrapper.obj (.text:findItem$29)
                  00010018    00000058                                                      : gapbondmgr.obj (.text:gapBondMgrChangeState$32)
                  00010070    00000058                                                      : gapbondmgr.obj (.text:gapBondMgrReadBonds$32)
                  000100c8    00000058     My_RGB.obj (.text:my_RGB_flash)
                  00010120    00000058     ble5_simple_central_cc2640r2lp_stack_library.lib : osal_cbtimer.obj (.text:osal_CbTimerStop)
                  00010178    00000056     cc2640_ll_xcxx.a : ll_common.o (.text)
                  000101ce    00000056     cc26xx_gap_xcxx.a : gap_centlinkmgr.o (.text)
                  00010224    00000056     cc26xx_sm_xcxx.a : sm_intpairing.o (.text)
                  0001027a    00000002     rom_sysbios.aem3 : rom_sysbios.obj (.text:xdc_runtime_SysCallback_defaultAbort)
                  0001027c    00000054     ble5_simple_central_cc2640r2lp_stack_library.lib : gapbondmgr.obj (.text:GAPBondMgr_LinkTerm)
                  000102d0    00000054     cc2640_hci_xcxx.a : hci_event.o (.text)
                  00010324    00000054     cc2640_ll_xcxx.a : ll_common.o (.text)
                  00010378    00000054     cc26xx_gap_xcxx.a : linkdb.o (.text)
                  000103cc    00000054     cc26xx_gatt_xcxx.a : gatt_client.o (.text)
                  00010420    00000054     cc26xx_profiles_xcxx.a : gattservapp.o (.text)
                  00010474    00000054     RFCC26XX_singleMode.obj (.text:hwiFxnHw$8)
                  000104c8    00000054     RFCC26XX_singleMode.obj (.text:ratChanFree$8)
                  0001051c    00000052     ble5_simple_central_cc2640r2lp_stack_library.lib : gap.obj (.text:GAP_DeviceInit)
                  0001056e    00000052     cc2640_ll_xcxx.a : ll_common.o (.text)
                  000105c0    00000052                      : ll_common.o (.text)
                  00010612    00000002     rom_sysbios.aem3 : rom_sysbios.obj (.text:xdc_runtime_SysCallback_defaultExit)
                  00010614    00000050     ECCROMCC26XX.obj (.text:ECCROMCC26XX_Params_init)
                  00010664    00000050     icall.obj (.text:ICall_registerApp)
                  000106b4    00000050     RFCC26XX_singleMode.obj (.text:RF_getInfo)
                  00010704    00000050     simple_central.obj (.text:SimpleBLECentral_enqueueMsg$5)
                  00010754    00000050     util.obj (.text:Util_convertBdAddr2Str)
                  000107a4    00000050     cc2640_ll_xcxx.a : ll.o (.text)
                  000107f4    00000050                      : ll.o (.text)
                  00010844    00000050                      : ll.o (.text)
                  00010894    00000050                      : ll_common.o (.text)
                  000108e4    00000050                      : ll_common.o (.text)
                  00010934    0000004e                      : ll.o (.text)
                  00010982    0000004e                      : ll_common.o (.text)
                  000109d0    0000004e                      : ll_privacy.o (.text)
                  00010a1e    00000002     --HOLE-- [fill = 0]
                  00010a20    0000004c     drivers_cc26x0r2.aem3 : GPTimerCC26XX.oem3 (.text:GPTimerCC26XX_start)
                  00010a6c    0000004c     icall.obj (.text:ICall_newTask$10)
                  00010ab8    0000004c     drivers_cc26x0r2.aem3 : PWMTimerCC26XX.oem3 (.text:PWMTimerCC26XX_getdutyCounts)
                  00010b04    0000004c     RFCC26XX_singleMode.obj (.text:RF_wakeupNotifyFxn$8)
                  00010b50    0000004c     cc26xx_att_xcxx.a : att_client.o (.text)
                  00010b9c    0000004c     cc26xx_gap_xcxx.a : gap_centdevmgr.o (.text)
                  00010be8    0000004c     rtsv7M3_T_le_eabi.lib : cpy_tbl.c.obj (.text:copy_in)
                  00010c34    0000004c     ble5_simple_central_cc2640r2lp_stack_library.lib : gapbondmgr.obj (.text:gapBondMgrUpdateLruBondList$32)
                  00010c80    0000004c                                                      : osal_bufmgr.obj (.text:osal_bm_free)
[...]
20001f10  trxTestCmd                                                                
20001f2c  deviceFeatureSet                                                          
20001f64  timerHead                                                                 
20001f68  osal_last_timestamp                                                       
20001f70  llTaskList                                                                
20001f7c  PowerCC26XX_taskKey                                                       
20001f80  PowerCC26XX_swiKey                                                        
20001f94  linkCmd                                                                   
20001f98  linkParam                                                                 
20001f9c  scanInfo                                                                  
20001fa0  dtmInfo                                                                   
20001fa8  clientInfoTbl                                                             
20001fac  ClockP_tickPeriod                                                         
20001fb0  adc                                                                       
20001fb4  tasksEvents                                                               
20001fb8  trngCC26XXObjects                                                         
20001fbc  connInitialMaxTxTimeUncoded                                               
20001fbe  connInitialMaxTxTimeCoded                                                 
20001fc0  defaultPhy                                                                
20001fc1  hciTestTaskID                                                             
20001fc2  hciGapTaskID                                                              
20001fc3  hciL2capTaskID                                                            
20001fc4  hciSmpTaskID                                                              
20001fc5  hciTaskID                                                                 
20001fc6  driverlib_release_0_48919                                                 
20001fc7  g_hwiInt                                                                  
20001fc8  icall_liteTaskId                                                          
20001fc9  heapStart                                                                 
20004000  __stack                                                                   
20004000  heapEnd                                                                   
20004400  __STACK_END                                                               
20004400  __STACK_TOP                                                               
200044f8  RAM_BASE_ADDR                                                             
20004504  ROM_FlashJT                                                               
20004508  gapParameters                                                             
20004558  gapPeripheralCBs                                                          
20004564  gapPeripheralConnCBs                                                      
20004584  smResponderCBs                                                            
2000459c  slaveConnHandle                                                           
2000459e  nextHandle                                                                
200045a0  l2capMtuSize                                                              
200045a2  gapAppTaskID                                                              
200045a3  gapAdvAppTaskID                                                           
200045a4  gapUnwantedTaskID                                                         
200045a5  reqTaskId                                                                 
200045a6  gattAppTaskID                                                             
200045a7  appTaskID                                                                 
200045a8  flowCtrlTaskId                                                            
200045a9  SM_appTaskID                                                              
200047cc  wlTable                                                                   
200048a8  wlTableScan                                                               
20004988  rfObject                                                                  
20004a20  advCmd                                                                    
20004a68  localEccKeys                                                              
20004ae4  advDataEntry                                                              
20004b1c  l2capFixedChannels                                                        
20004b4c  linkCBs                                                                   
20004b7c  eccParams                                                                 
20004bac  initParam                                                                 
20004bd0  scanParam                                                                 
20004bf4  advParam                                                                  
20004c14  cryptoPRAND                                                               
20004c34  txModemTestCmd                                                            
20004c50  gapParams                                                                 
20004c6c  initCmd                                                                   
20004c84  connReqData                                                               
20004c9c  scanCmd                                                                   
20004cb4  scanOutput                                                                
20004ce4  rxModemTestCmd                                                            
20004cfc  rsp                                                                       
20004d14  fwParDtmCmd                                                               
20004d44  fwParRfCmd                                                                
20004d5c  connOutput                                                                
20004d70  rxTestParam                                                               
20004d84  initDataQueue                                                             
20004d94  scanDataQueue                                                             
20004da4  advDataQueue                                                              
20004db4  advOutput                                                                 
20004dc4  txTestParam                                                               
20004dd4  initOutput                                                                
20004de0  rxTestOut                                                                 
20004df8  cachedTRNGdata                                                            
20004e04  gapCurrentRandomAddr                                                      
20004e0c  slaveUpdateReq                                                            
20004e14  pBleEvtMask                                                               
20004e1c  pHciEvtMask                                                               
20004e24  pHciEvtMask2                                                              
20004e2c  ownPublicAddr                                                             
20004e34  ownRandomAddr                                                             
20004e3c  ownSavedPublicAddr                                                        
20004e44  fwImmedCmd                                                                
20004e4c  attServerNotifyTxCB                                                       
20004e50  rfEvent                                                                   
20004e58  fwParCmd                                                                  
20004e60  verInfo                                                                   
20004e68  llConns                                                                   
20004e70  fwParamImmedCmd                                                           
20004e78  privInfo                                                                  
20004e88  rxDataQ                                                                   
20004e8c  txDataQ                                                                   
20004e90  rxRingBuf                                                                 
20004e94  txTestOut                                                                 
20004e98  pGapDiscReq                                                               
20004e9c  pGapAdvertState                                                           
20004ea0  pEstLink                                                                  
20004ea4  pAuthLink                                                                 
20004ea8  pfnCentralConnCBs                                                         
20004eac  pfnPeripheralConnCBs                                                      
20004eb0  pGapAdvTokens                                                             
20004eb4  pGapAdData                                                                
20004eb8  pGapScanRspData                                                           
20004ebc  pfnPeripheralCBs                                                          
20004ec0  pfnCentralCBs                                                             
20004ec4  pfnBondMgrCBs                                                             
20004ec8  serverInfoTbl                                                             
20004ecc  pServiceList                                                              
20004ed0  pfnServerProcessMsgCB                                                     
20004ed4  pfnClientProcessMsgCB                                                     
20004ed8  prepareWritesTbl                                                          
20004edc  serviceCBsList                                                            
20004ee0  pAttrValue                                                                
20004ee4  l2capChannels                                                             
20004ee8  linkDB                                                                    
20004eec  rfHandle                                                                  
20004ef0  rfDrvTblPtr                                                               
20004ef4  eccDrvTblPtr                                                              
20004ef8  cryptoDrvTblPtr                                                           
20004efc  trngDrvTblPtr                                                             
20004f00  activeConns                                                               
20004f04  SysBootMsg                                                                
20004f08  sclkSrc                                                                   
20004f0c  buildInfo                                                                 
20004f10  advInfo                                                                   
20004f18  initInfo                                                                  
20004f20  taskEndAction                                                             
20004f24  encParams                                                                 
20004f28  encHandle                                                                 
20004f2c  encKey                                                                    
20004f30  pPairingParams                                                            
20004f34  pfnResponderCBs                                                           
20004f38  pfnInitiatorCBs                                                           
20004f3c  gapLimitedAdvertisingTimeout                                              
20004f3e  attrLen                                                                   
20004f40  numHostBufs                                                               
20004f42  rfCmdHandle                                                               
20004f44  connInitialMaxTxOctets                                                    
20004f46  connInitialMaxTxTime                                                      
20004f48  supportedMaxTxOctets                                                      
20004f4a  supportedMaxTxTime                                                        
20004f4c  supportedMaxRxOctets                                                      
20004f4e  supportedMaxRxTime                                                        
20004f50  taskEndStatus                                                             
20004f52  postRfOperations                                                          
20004f54  rfCfgAdiVal                                                               
20004f58  gapProfileRole                                                            
20004f59  gapDeviceAddrMode                                                         
20004f5a  gapState                                                                  
20004f5b  terminateAllTaskID                                                        
20004f5c  terminateReason                                                           
20004f5d  gapTaskID                                                                 
20004f5e  gattNumConns                                                              
20004f5f  gattTaskID                                                                
20004f60  GATTServApp_TaskID                                                        
20004f61  maxNumPrepareWrites                                                       
20004f62  hciPTMenabled                                                             
20004f63  ctrlToHostEnable                                                          
20004f64  l2capFlowCtrlMode                                                         
20004f65  l2capTaskID                                                               
20004f66  l2capNumChannels                                                          
20004f67  l2capNumDataPkts                                                          
20004f68  l2capId                                                                   
20004f69  linkDBNumConns                                                            
20004f6a  linkDB_secureConnectionOnlyMode                                           
20004f6b  maxPduSize                                                                
20004f6c  rfFeModeBias                                                              
20004f6d  maxNumTxDataBufs                                                          
20004f6e  LL_TaskID                                                                 
20004f6f  llState                                                                   
20004f70  rssiCorrection                                                            
20004f71  curTxPowerVal                                                             
20004f72  maxTxPwrForDTM                                                            
20004f73  onePktPerEvt                                                              
20004f74  numComplPkts                                                              
20004f75  numComplPktsLimit                                                         
20004f76  numComplPktsFlush                                                         
20004f77  fastTxRespTime                                                            
20004f78  slOverride                                                                
20004f79  rxFifoFlowCtrl                                                            
20004f7a  numTxDataBufs                                                             
20004f7b  maxNumConns                                                               
20004f7c  smTaskID                                                                  
20004f7d  SM_appExpectingKey                                                        
20004f80  ECC_DATA$$Base                                                            
20004f80  eccRom_param_Gx                                                           
20004f84  eccRom_param_Gy                                                           
20004f88  eccRom_workzone                                                           
20004f8c  eccRom_param_p                                                            
20004f90  eccRom_param_r                                                            
20004f94  eccRom_param_a                                                            
20004f98  eccRom_param_b                                                            
20004f9c  eccRom_windowSize                                                         
20004fa0  aux64                                                                     
20004fa8  MOD                                                                       
20004fac  LEN                                                                       
20004fb0  inScalar                                                                  
20004fb4  inPointX                                                                  
20004fb8  inPointY                                                                  
20004fbc  outPointX                                                                 
20004fc0  outPointY                                                                 
20004fc4  SCAL                                                                      
20004fc8  EXPX                                                                      
20004fcc  EXPY                                                                      
20004fd0  EXPZ                                                                      
20004fd4  EXPW                                                                      
20004fd8  ACCX                                                                      
20004fdc  ACCY                                                                      
20004fe0  ACCZ                                                                      
20004fe4  TMP1                                                                      
20004fe8  TMP2                                                                      
20004fec  TMP3                                                                      
20004ff0  TMP4                                                                      
20004ff4  TMP5                                                                      
20004ff8  TMP6                                                                      
20004ffc  MSBMOD                                                                    
20005000  ECC_DATA$$Limit                                                           
20005000  __UNUSED_SRAM_end__                                                       
e000e000  ti_sysbios_family_arm_m3_Hwi_nvic                                         
ffffffff  __TI_pprof_out_hndl                                                       
ffffffff  __TI_prof_data_size                                                       
ffffffff  __TI_prof_data_start                                                      
ffffffff  __binit__                                                                 
ffffffff  __c_args__                                                                
ffffffff  binit                                                                     
UNDEFED   SHT$$INIT_ARRAY$$Base                                                     
UNDEFED   SHT$$INIT_ARRAY$$Limit                                                    

[2328 symbols]
